Jun 24 10:16:32 node-164 kernel: [    0.000000] Initializing cgroup subsys cpuset
Jun 24 10:16:32 node-164 kernel: [    0.000000] Initializing cgroup subsys cpu
Jun 24 10:16:32 node-164 kernel: [    0.000000] Initializing cgroup subsys cpuacct
Jun 24 10:16:32 node-164 kernel: [    0.000000] Linux version 3.13.0-87-generic (buildd@lgw01-25) (gcc version 4.8.4 (Ubuntu 4.8.4-2ubuntu1~14.04.3) ) #133-Ubuntu SMP Tue May 24 18:32:09 UTC 2016 (Ubuntu 3.13.0-87.133-generic 3.13.11-ckt39)
Jun 24 10:16:32 node-164 kernel: [    0.000000] Command line: BOOT_IMAGE=/vmlinuz-3.13.0-87-generic root=/dev/mapper/os-root ro console=tty0 net.ifnames=0 biosdevname=0 rootdelay=90 nomodeset root=UUID=52d44c10-84d5-42a0-8b51-711c27b47764 nomdmonddf nomdmonisw
Jun 24 10:16:32 node-164 kernel: [    0.000000] KERNEL supported cpus:
Jun 24 10:16:32 node-164 kernel: [    0.000000]   Intel GenuineIntel
Jun 24 10:16:32 node-164 kernel: [    0.000000]   AMD AuthenticAMD
Jun 24 10:16:32 node-164 kernel: [    0.000000]   Centaur CentaurHauls
Jun 24 10:16:32 node-164 kernel: [    0.000000] e820: BIOS-provided physical RAM map:
Jun 24 10:16:32 node-164 kernel: [    0.000000] BIOS-e820: [mem 0x0000000000000000-0x000000000009dfff] usable
Jun 24 10:16:32 node-164 kernel: [    0.000000] BIOS-e820: [mem 0x000000000009e000-0x000000000009ffff] reserved
Jun 24 10:16:32 node-164 kernel: [    0.000000] BIOS-e820: [mem 0x00000000000e0000-0x00000000000fffff] reserved
Jun 24 10:16:32 node-164 kernel: [    0.000000] BIOS-e820: [mem 0x0000000000100000-0x0000000051bbbfff] usable
Jun 24 10:16:32 node-164 kernel: [    0.000000] BIOS-e820: [mem 0x0000000051bbc000-0x00000000524bbfff] reserved
Jun 24 10:16:32 node-164 kernel: [    0.000000] BIOS-e820: [mem 0x00000000524bc000-0x0000000067edefff] usable
Jun 24 10:16:32 node-164 kernel: [    0.000000] BIOS-e820: [mem 0x0000000067edf000-0x000000006b69efff] reserved
Jun 24 10:16:32 node-164 kernel: [    0.000000] BIOS-e820: [mem 0x000000006b69f000-0x000000007b69efff] ACPI NVS
Jun 24 10:16:32 node-164 kernel: [    0.000000] BIOS-e820: [mem 0x000000007b69f000-0x000000007b7fefff] ACPI data
Jun 24 10:16:32 node-164 kernel: [    0.000000] BIOS-e820: [mem 0x000000007b7ff000-0x000000007b7fffff] usable
Jun 24 10:16:32 node-164 kernel: [    0.000000] BIOS-e820: [mem 0x000000007b800000-0x000000008fffffff] reserved
Jun 24 10:16:32 node-164 kernel: [    0.000000] BIOS-e820: [mem 0x00000000feb00000-0x00000000feb03fff] reserved
Jun 24 10:16:32 node-164 kernel: [    0.000000] BIOS-e820: [mem 0x00000000fec00000-0x00000000fec00fff] reserved
Jun 24 10:16:32 node-164 kernel: [    0.000000] BIOS-e820: [mem 0x00000000fed18000-0x00000000fed19fff] reserved
Jun 24 10:16:32 node-164 kernel: [    0.000000] BIOS-e820: [mem 0x00000000fed1c000-0x00000000fed1ffff] reserved
Jun 24 10:16:32 node-164 kernel: [    0.000000] BIOS-e820: [mem 0x00000000ff800000-0x00000000ffffffff] reserved
Jun 24 10:16:32 node-164 kernel: [    0.000000] BIOS-e820: [mem 0x0000000100000000-0x000000207fffffff] usable
Jun 24 10:16:32 node-164 kernel: [    0.000000] NX (Execute Disable) protection: active
Jun 24 10:16:32 node-164 kernel: [    0.000000] SMBIOS 2.8 present.
Jun 24 10:16:32 node-164 kernel: [    0.000000] DMI: Huawei RH2288H V3/BC11HGSA0, BIOS 1.69 10/31/2015
Jun 24 10:16:32 node-164 kernel: [    0.000000] e820: update [mem 0x00000000-0x00000fff] usable ==> reserved
Jun 24 10:16:32 node-164 kernel: [    0.000000] e820: remove [mem 0x000a0000-0x000fffff] usable
Jun 24 10:16:32 node-164 kernel: [    0.000000] No AGP bridge found
Jun 24 10:16:32 node-164 kernel: [    0.000000] e820: last_pfn = 0x2080000 max_arch_pfn = 0x400000000
Jun 24 10:16:32 node-164 kernel: [    0.000000] MTRR default type: write-back
Jun 24 10:16:32 node-164 kernel: [    0.000000] MTRR fixed ranges enabled:
Jun 24 10:16:32 node-164 kernel: [    0.000000]   00000-9FFFF write-back
Jun 24 10:16:32 node-164 kernel: [    0.000000]   A0000-BFFFF uncachable
Jun 24 10:16:32 node-164 kernel: [    0.000000]   C0000-E7FFF write-protect
Jun 24 10:16:32 node-164 kernel: [    0.000000]   E8000-EFFFF write-combining
Jun 24 10:16:32 node-164 kernel: [    0.000000]   F0000-FFFFF write-protect
Jun 24 10:16:32 node-164 kernel: [    0.000000] MTRR variable ranges enabled:
Jun 24 10:16:32 node-164 kernel: [    0.000000]   0 base 000080000000 mask 3FFFC0000000 uncachable
Jun 24 10:16:32 node-164 kernel: [    0.000000]   1 base 0000C0000000 mask 3FFFE0000000 uncachable
Jun 24 10:16:32 node-164 kernel: [    0.000000]   2 base 0000E0000000 mask 3FFFF0000000 uncachable
Jun 24 10:16:32 node-164 kernel: [    0.000000]   3 base 0000F0000000 mask 3FFFF8000000 uncachable
Jun 24 10:16:32 node-164 kernel: [    0.000000]   4 base 0000F8000000 mask 3FFFFC000000 uncachable
Jun 24 10:16:32 node-164 kernel: [    0.000000]   5 base 0000FC000000 mask 3FFFFE000000 uncachable
Jun 24 10:16:32 node-164 kernel: [    0.000000]   6 base 0000FEC00000 mask 3FFFFFC00000 uncachable
Jun 24 10:16:32 node-164 kernel: [    0.000000]   7 base 00007C000000 mask 3FFFFC000000 uncachable
Jun 24 10:16:32 node-164 kernel: [    0.000000]   8 base 020000000000 mask 3F8000000000 uncachable
Jun 24 10:16:32 node-164 kernel: [    0.000000]   9 base 0000FF800000 mask 3FFFFF800000 write-protect
Jun 24 10:16:32 node-164 kernel: [    0.000000] x86 PAT enabled: cpu 0, old 0x7040600070406, new 0x7010600070106
Jun 24 10:16:32 node-164 kernel: [    0.000000] e820: last_pfn = 0x7b800 max_arch_pfn = 0x400000000
Jun 24 10:16:32 node-164 kernel: [    0.000000] found SMP MP-table at [mem 0x000fe1d0-0x000fe1df] mapped at [ffff8800000fe1d0]
Jun 24 10:16:32 node-164 kernel: [    0.000000] Scanning 1 areas for low memory corruption
Jun 24 10:16:32 node-164 kernel: [    0.000000] Base memory trampoline at [ffff880000098000] 98000 size 24576
Jun 24 10:16:32 node-164 kernel: [    0.000000] Using GB pages for direct mapping
Jun 24 10:16:32 node-164 kernel: [    0.000000] init_memory_mapping: [mem 0x00000000-0x000fffff]
Jun 24 10:16:32 node-164 kernel: [    0.000000]  [mem 0x00000000-0x000fffff] page 4k
Jun 24 10:16:32 node-164 kernel: [    0.000000] BRK [0x01fe2000, 0x01fe2fff] PGTABLE
Jun 24 10:16:32 node-164 kernel: [    0.000000] BRK [0x01fe3000, 0x01fe3fff] PGTABLE
Jun 24 10:16:32 node-164 kernel: [    0.000000] BRK [0x01fe4000, 0x01fe4fff] PGTABLE
Jun 24 10:16:32 node-164 kernel: [    0.000000] init_memory_mapping: [mem 0x207fe00000-0x207fffffff]
Jun 24 10:16:32 node-164 kernel: [    0.000000]  [mem 0x207fe00000-0x207fffffff] page 1G
Jun 24 10:16:32 node-164 kernel: [    0.000000] init_memory_mapping: [mem 0x207c000000-0x207fdfffff]
Jun 24 10:16:32 node-164 kernel: [    0.000000]  [mem 0x207c000000-0x207fdfffff] page 1G
Jun 24 10:16:32 node-164 kernel: [    0.000000] init_memory_mapping: [mem 0x2000000000-0x207bffffff]
Jun 24 10:16:32 node-164 kernel: [    0.000000]  [mem 0x2000000000-0x207bffffff] page 1G
Jun 24 10:16:32 node-164 kernel: [    0.000000] init_memory_mapping: [mem 0x1000000000-0x1fffffffff]
Jun 24 10:16:32 node-164 kernel: [    0.000000]  [mem 0x1000000000-0x1fffffffff] page 1G
Jun 24 10:16:32 node-164 kernel: [    0.000000] init_memory_mapping: [mem 0x00100000-0x51bbbfff]
Jun 24 10:16:32 node-164 kernel: [    0.000000]  [mem 0x00100000-0x001fffff] page 4k
Jun 24 10:16:32 node-164 kernel: [    0.000000]  [mem 0x00200000-0x519fffff] page 2M
Jun 24 10:16:32 node-164 kernel: [    0.000000]  [mem 0x51a00000-0x51bbbfff] page 4k
Jun 24 10:16:32 node-164 kernel: [    0.000000] init_memory_mapping: [mem 0x524bc000-0x67edefff]
Jun 24 10:16:32 node-164 kernel: [    0.000000]  [mem 0x524bc000-0x525fffff] page 4k
Jun 24 10:16:32 node-164 kernel: [    0.000000]  [mem 0x52600000-0x67dfffff] page 2M
Jun 24 10:16:32 node-164 kernel: [    0.000000]  [mem 0x67e00000-0x67edefff] page 4k
Jun 24 10:16:32 node-164 kernel: [    0.000000] BRK [0x01fe5000, 0x01fe5fff] PGTABLE
Jun 24 10:16:32 node-164 kernel: [    0.000000] BRK [0x01fe6000, 0x01fe6fff] PGTABLE
Jun 24 10:16:32 node-164 kernel: [    0.000000] init_memory_mapping: [mem 0x7b7ff000-0x7b7fffff]
Jun 24 10:16:32 node-164 kernel: [    0.000000]  [mem 0x7b7ff000-0x7b7fffff] page 4k
Jun 24 10:16:32 node-164 kernel: [    0.000000] BRK [0x01fe7000, 0x01fe7fff] PGTABLE
Jun 24 10:16:32 node-164 kernel: [    0.000000] init_memory_mapping: [mem 0x100000000-0xfffffffff]
Jun 24 10:16:32 node-164 kernel: [    0.000000]  [mem 0x100000000-0xfffffffff] page 1G
Jun 24 10:16:32 node-164 kernel: [    0.000000] RAMDISK: [mem 0x358e8000-0x36c6bfff]
Jun 24 10:16:32 node-164 kernel: [    0.000000] ACPI: RSDP 00000000000fe020 000024 (v02 INSYDE)
Jun 24 10:16:32 node-164 kernel: [    0.000000] ACPI: XSDT 000000007b7b9188 0000DC (v01 INSYDE  HSW-LPT 00000001      01000013)
Jun 24 10:16:32 node-164 kernel: [    0.000000] ACPI: FACP 000000007b7f7000 00010C (v05 INSYDE  HSW-LPT 00000001 ACPI 00040000)
Jun 24 10:16:32 node-164 kernel: [    0.000000] ACPI: DSDT 000000007b7c3000 02D323 (v01 INSYDE  HSW-LPT 00000000 ACPI 00040000)
Jun 24 10:16:32 node-164 kernel: [    0.000000] ACPI: FACS 000000007b69c000 000040
Jun 24 10:16:32 node-164 kernel: [    0.000000] ACPI: UEFI 000000007b7fd000 000236 (v01 INSYDE  HSW-LPT 00000001 ACPI 00040000)
Jun 24 10:16:32 node-164 kernel: [    0.000000] ACPI: UEFI 000000007b7fc000 000042 (v01 INSYDE  HSW-LPT 00000000 ACPI 00040000)
Jun 24 10:16:32 node-164 kernel: [    0.000000] ACPI: ASF! 000000007b7fb000 0000A5 (v32 INSYDE  HSW-LPT 00000001 ACPI 00040000)
Jun 24 10:16:32 node-164 kernel: [    0.000000] ACPI: BDAT 000000007b7fa000 000030 (v01 INSYDE  HSW-LPT 00000001 ACPI 00040000)
Jun 24 10:16:32 node-164 kernel: [    0.000000] ACPI: BOOT 000000007b7f9000 000028 (v01 INSYDE  HSW-LPT 00000001 ACPI 00040000)
Jun 24 10:16:32 node-164 kernel: [    0.000000] ACPI: DBGP 000000007b7f8000 000034 (v01 INSYDE  HSW-LPT 00000001 ACPI 00040000)
Jun 24 10:16:32 node-164 kernel: [    0.000000] ACPI: HPET 000000007b7f6000 000038 (v01 INSYDE  HSW-LPT 00000001 ACPI 00040000)
Jun 24 10:16:32 node-164 kernel: [    0.000000] ACPI: APIC 000000007b7f5000 000224 (v02 INSYDE  HSW-LPT 00000001 ACPI 00040000)
Jun 24 10:16:32 node-164 kernel: [    0.000000] ACPI: MCFG 000000007b7f4000 00003C (v01 INSYDE  HSW-LPT 00000001 ACPI 00040000)
Jun 24 10:16:32 node-164 kernel: [    0.000000] ACPI: SRAT 000000007b7f3000 000280 (v02 INSYDE  HSW-LPT 00000001 ACPI 00040000)
Jun 24 10:16:32 node-164 kernel: [    0.000000] ACPI: SLIT 000000007b7f2000 00006C (v01 INSYDE  HSW-LPT 00000001 ACPI 00040000)
Jun 24 10:16:32 node-164 kernel: [    0.000000] ACPI: WDAT 000000007b7f1000 000194 (v01 INSYDE  HSW-LPT 00000001 ACPI 00040000)
Jun 24 10:16:32 node-164 kernel: [    0.000000] ACPI: PRAD 000000007b7c2000 0000D1 (v02 INSYDE  HSW-LPT 00000002 ACPI 00040000)
Jun 24 10:16:32 node-164 kernel: [    0.000000] ACPI: SSDT 000000007b7c1000 0005C8 (v01 INSYDE  HSW-LPT 00001000 ACPI 00040000)
Jun 24 10:16:32 node-164 kernel: [    0.000000] ACPI: SPMI 000000007b7bf000 000041 (v05 INSYDE  HSW-LPT 00000001 ACPI 00040000)
Jun 24 10:16:32 node-164 kernel: [    0.000000] ACPI: SSDT 000000007b7be000 000648 (v01 INSYDE  HSW-LPT 00001000 ACPI 00040000)
Jun 24 10:16:32 node-164 kernel: [    0.000000] ACPI: DMAR 000000007b7bd000 000110 (v01 INSYDE  HSW-LPT 00000001 ACPI 00040000)
Jun 24 10:16:32 node-164 kernel: [    0.000000] ACPI: FPDT 000000007b7bc000 000044 (v01 INSYDE  HSW-LPT 00000002 ACPI 00040000)
Jun 24 10:16:32 node-164 kernel: [    0.000000] ACPI: HEST 000000007b7bb000 0000A8 (v01 INSYDE  HSW-LPT 00000001 ACPI 00040000)
Jun 24 10:16:32 node-164 kernel: [    0.000000] ACPI: ERST 000000007b7ba000 000230 (v01 INSYDE  HSW-LPT 00000001 ACPI 00040000)
Jun 24 10:16:32 node-164 kernel: [    0.000000] ACPI: BERT 000000007b7b8000 000030 (v01 INSYDE  HSW-LPT 00000001 ACPI 00040000)
Jun 24 10:16:32 node-164 kernel: [    0.000000] ACPI: EINJ 000000007b7b7000 000150 (v01 INSYDE  HSW-LPT 00000001 ACPI 00040000)
Jun 24 10:16:32 node-164 kernel: [    0.000000] ACPI: Local APIC address 0xfee00000
Jun 24 10:16:32 node-164 kernel: [    0.000000] SRAT: PXM 0 -> APIC 0x00 -> Node 0
Jun 24 10:16:32 node-164 kernel: [    0.000000] SRAT: PXM 0 -> APIC 0x02 -> Node 0
Jun 24 10:16:32 node-164 kernel: [    0.000000] SRAT: PXM 0 -> APIC 0x04 -> Node 0
Jun 24 10:16:32 node-164 kernel: [    0.000000] SRAT: PXM 0 -> APIC 0x06 -> Node 0
Jun 24 10:16:32 node-164 kernel: [    0.000000] SRAT: PXM 0 -> APIC 0x08 -> Node 0
Jun 24 10:16:32 node-164 kernel: [    0.000000] SRAT: PXM 0 -> APIC 0x0a -> Node 0
Jun 24 10:16:32 node-164 kernel: [    0.000000] SRAT: PXM 0 -> APIC 0x0c -> Node 0
Jun 24 10:16:32 node-164 kernel: [    0.000000] SRAT: PXM 0 -> APIC 0x0e -> Node 0
Jun 24 10:16:32 node-164 kernel: [    0.000000] SRAT: PXM 1 -> APIC 0x10 -> Node 1
Jun 24 10:16:32 node-164 kernel: [    0.000000] SRAT: PXM 1 -> APIC 0x12 -> Node 1
Jun 24 10:16:32 node-164 kernel: [    0.000000] SRAT: PXM 1 -> APIC 0x14 -> Node 1
Jun 24 10:16:32 node-164 kernel: [    0.000000] SRAT: PXM 1 -> APIC 0x16 -> Node 1
Jun 24 10:16:32 node-164 kernel: [    0.000000] SRAT: PXM 1 -> APIC 0x18 -> Node 1
Jun 24 10:16:32 node-164 kernel: [    0.000000] SRAT: PXM 1 -> APIC 0x1a -> Node 1
Jun 24 10:16:32 node-164 kernel: [    0.000000] SRAT: PXM 1 -> APIC 0x1c -> Node 1
Jun 24 10:16:32 node-164 kernel: [    0.000000] SRAT: PXM 1 -> APIC 0x1e -> Node 1
Jun 24 10:16:32 node-164 kernel: [    0.000000] SRAT: PXM 0 -> APIC 0x01 -> Node 0
Jun 24 10:16:32 node-164 kernel: [    0.000000] SRAT: PXM 0 -> APIC 0x03 -> Node 0
Jun 24 10:16:32 node-164 kernel: [    0.000000] SRAT: PXM 0 -> APIC 0x05 -> Node 0
Jun 24 10:16:32 node-164 kernel: [    0.000000] SRAT: PXM 0 -> APIC 0x07 -> Node 0
Jun 24 10:16:32 node-164 kernel: [    0.000000] SRAT: PXM 0 -> APIC 0x09 -> Node 0
Jun 24 10:16:32 node-164 kernel: [    0.000000] SRAT: PXM 0 -> APIC 0x0b -> Node 0
Jun 24 10:16:32 node-164 kernel: [    0.000000] SRAT: PXM 0 -> APIC 0x0d -> Node 0
Jun 24 10:16:32 node-164 kernel: [    0.000000] SRAT: PXM 0 -> APIC 0x0f -> Node 0
Jun 24 10:16:32 node-164 kernel: [    0.000000] SRAT: PXM 1 -> APIC 0x11 -> Node 1
Jun 24 10:16:32 node-164 kernel: [    0.000000] SRAT: PXM 1 -> APIC 0x13 -> Node 1
Jun 24 10:16:32 node-164 kernel: [    0.000000] SRAT: PXM 1 -> APIC 0x15 -> Node 1
Jun 24 10:16:32 node-164 kernel: [    0.000000] SRAT: PXM 1 -> APIC 0x17 -> Node 1
Jun 24 10:16:32 node-164 kernel: [    0.000000] SRAT: PXM 1 -> APIC 0x19 -> Node 1
Jun 24 10:16:32 node-164 kernel: [    0.000000] SRAT: PXM 1 -> APIC 0x1b -> Node 1
Jun 24 10:16:32 node-164 kernel: [    0.000000] SRAT: PXM 1 -> APIC 0x1d -> Node 1
Jun 24 10:16:32 node-164 kernel: [    0.000000] SRAT: PXM 1 -> APIC 0x1f -> Node 1
Jun 24 10:16:32 node-164 kernel: [    0.000000] SRAT: Node 0 PXM 0 [mem 0x00000000-0x107fffffff]
Jun 24 10:16:32 node-164 kernel: [    0.000000] SRAT: Node 1 PXM 1 [mem 0x1080000000-0x207fffffff]
Jun 24 10:16:32 node-164 kernel: [    0.000000] NUMA: Initialized distance table, cnt=2
Jun 24 10:16:32 node-164 kernel: [    0.000000] Initmem setup node 0 [mem 0x00000000-0x107fffffff]
Jun 24 10:16:32 node-164 kernel: [    0.000000]   NODE_DATA [mem 0x107fffb000-0x107fffffff]
Jun 24 10:16:32 node-164 kernel: [    0.000000] Initmem setup node 1 [mem 0x1080000000-0x207fffffff]
Jun 24 10:16:32 node-164 kernel: [    0.000000]   NODE_DATA [mem 0x207fff8000-0x207fffcfff]
Jun 24 10:16:32 node-164 kernel: [    0.000000]  [ffffea0000000000-ffffea0041ffffff] PMD -> [ffff881040200000-ffff88107fdfffff] on node 0
Jun 24 10:16:32 node-164 kernel: [    0.000000]  [ffffea0042000000-ffffea0081ffffff] PMD -> [ffff88203f600000-ffff88207f5fffff] on node 1
Jun 24 10:16:32 node-164 kernel: [    0.000000] Zone ranges:
Jun 24 10:16:32 node-164 kernel: [    0.000000]   DMA      [mem 0x00001000-0x00ffffff]
Jun 24 10:16:32 node-164 kernel: [    0.000000]   DMA32    [mem 0x01000000-0xffffffff]
Jun 24 10:16:32 node-164 kernel: [    0.000000]   Normal   [mem 0x100000000-0x207fffffff]
Jun 24 10:16:32 node-164 kernel: [    0.000000] Movable zone start for each node
Jun 24 10:16:32 node-164 kernel: [    0.000000] Early memory node ranges
Jun 24 10:16:32 node-164 kernel: [    0.000000]   node   0: [mem 0x00001000-0x0009dfff]
Jun 24 10:16:32 node-164 kernel: [    0.000000]   node   0: [mem 0x00100000-0x51bbbfff]
Jun 24 10:16:32 node-164 kernel: [    0.000000]   node   0: [mem 0x524bc000-0x67edefff]
Jun 24 10:16:32 node-164 kernel: [    0.000000]   node   0: [mem 0x7b7ff000-0x7b7fffff]
Jun 24 10:16:32 node-164 kernel: [    0.000000]   node   0: [mem 0x100000000-0x107fffffff]
Jun 24 10:16:32 node-164 kernel: [    0.000000]   node   1: [mem 0x1080000000-0x207fffffff]
Jun 24 10:16:32 node-164 kernel: [    0.000000] On node 0 totalpages: 16676221
Jun 24 10:16:32 node-164 kernel: [    0.000000]   DMA zone: 64 pages used for memmap
Jun 24 10:16:32 node-164 kernel: [    0.000000]   DMA zone: 21 pages reserved
Jun 24 10:16:32 node-164 kernel: [    0.000000]   DMA zone: 3997 pages, LIFO batch:0
Jun 24 10:16:32 node-164 kernel: [    0.000000]   DMA32 zone: 6552 pages used for memmap
Jun 24 10:16:32 node-164 kernel: [    0.000000]   DMA32 zone: 419296 pages, LIFO batch:31
Jun 24 10:16:32 node-164 kernel: [    0.000000]   Normal zone: 253952 pages used for memmap
Jun 24 10:16:32 node-164 kernel: [    0.000000]   Normal zone: 16252928 pages, LIFO batch:31
Jun 24 10:16:32 node-164 kernel: [    0.000000] On node 1 totalpages: 16777216
Jun 24 10:16:32 node-164 kernel: [    0.000000]   Normal zone: 262144 pages used for memmap
Jun 24 10:16:32 node-164 kernel: [    0.000000]   Normal zone: 16777216 pages, LIFO batch:31
Jun 24 10:16:32 node-164 kernel: [    0.000000] ACPI: PM-Timer IO Port: 0x408
Jun 24 10:16:32 node-164 kernel: [    0.000000] ACPI: Local APIC address 0xfee00000
Jun 24 10:16:32 node-164 kernel: [    0.000000] ACPI: LAPIC (acpi_id[0x00] lapic_id[0x00] enabled)
Jun 24 10:16:32 node-164 kernel: [    0.000000] ACPI: LAPIC (acpi_id[0x02] lapic_id[0x02] enabled)
Jun 24 10:16:32 node-164 kernel: [    0.000000] ACPI: LAPIC (acpi_id[0x04] lapic_id[0x04] enabled)
Jun 24 10:16:32 node-164 kernel: [    0.000000] ACPI: LAPIC (acpi_id[0x06] lapic_id[0x06] enabled)
Jun 24 10:16:32 node-164 kernel: [    0.000000] ACPI: LAPIC (acpi_id[0x08] lapic_id[0x08] enabled)
Jun 24 10:16:32 node-164 kernel: [    0.000000] ACPI: LAPIC (acpi_id[0x0a] lapic_id[0x0a] enabled)
Jun 24 10:16:32 node-164 kernel: [    0.000000] ACPI: LAPIC (acpi_id[0x0c] lapic_id[0x0c] enabled)
Jun 24 10:16:32 node-164 kernel: [    0.000000] ACPI: LAPIC (acpi_id[0x0e] lapic_id[0x0e] enabled)
Jun 24 10:16:32 node-164 kernel: [    0.000000] ACPI: LAPIC (acpi_id[0x24] lapic_id[0x10] enabled)
Jun 24 10:16:32 node-164 kernel: [    0.000000] ACPI: LAPIC (acpi_id[0x26] lapic_id[0x12] enabled)
Jun 24 10:16:32 node-164 kernel: [    0.000000] ACPI: LAPIC (acpi_id[0x28] lapic_id[0x14] enabled)
Jun 24 10:16:32 node-164 kernel: [    0.000000] ACPI: LAPIC (acpi_id[0x2a] lapic_id[0x16] enabled)
Jun 24 10:16:32 node-164 kernel: [    0.000000] ACPI: LAPIC (acpi_id[0x2c] lapic_id[0x18] enabled)
Jun 24 10:16:32 node-164 kernel: [    0.000000] ACPI: LAPIC (acpi_id[0x2e] lapic_id[0x1a] enabled)
Jun 24 10:16:32 node-164 kernel: [    0.000000] ACPI: LAPIC (acpi_id[0x30] lapic_id[0x1c] enabled)
Jun 24 10:16:32 node-164 kernel: [    0.000000] ACPI: LAPIC (acpi_id[0x32] lapic_id[0x1e] enabled)
Jun 24 10:16:32 node-164 kernel: [    0.000000] ACPI: LAPIC (acpi_id[0x01] lapic_id[0x01] enabled)
Jun 24 10:16:32 node-164 kernel: [    0.000000] ACPI: LAPIC (acpi_id[0x03] lapic_id[0x03] enabled)
Jun 24 10:16:32 node-164 kernel: [    0.000000] ACPI: LAPIC (acpi_id[0x05] lapic_id[0x05] enabled)
Jun 24 10:16:32 node-164 kernel: [    0.000000] ACPI: LAPIC (acpi_id[0x07] lapic_id[0x07] enabled)
Jun 24 10:16:32 node-164 kernel: [    0.000000] ACPI: LAPIC (acpi_id[0x09] lapic_id[0x09] enabled)
Jun 24 10:16:32 node-164 kernel: [    0.000000] ACPI: LAPIC (acpi_id[0x0b] lapic_id[0x0b] enabled)
Jun 24 10:16:32 node-164 kernel: [    0.000000] ACPI: LAPIC (acpi_id[0x0d] lapic_id[0x0d] enabled)
Jun 24 10:16:32 node-164 kernel: [    0.000000] ACPI: LAPIC (acpi_id[0x0f] lapic_id[0x0f] enabled)
Jun 24 10:16:32 node-164 kernel: [    0.000000] ACPI: LAPIC (acpi_id[0x25] lapic_id[0x11] enabled)
Jun 24 10:16:32 node-164 kernel: [    0.000000] ACPI: LAPIC (acpi_id[0x27] lapic_id[0x13] enabled)
Jun 24 10:16:32 node-164 kernel: [    0.000000] ACPI: LAPIC (acpi_id[0x29] lapic_id[0x15] enabled)
Jun 24 10:16:32 node-164 kernel: [    0.000000] ACPI: LAPIC (acpi_id[0x2b] lapic_id[0x17] enabled)
Jun 24 10:16:32 node-164 kernel: [    0.000000] ACPI: LAPIC (acpi_id[0x2d] lapic_id[0x19] enabled)
Jun 24 10:16:32 node-164 kernel: [    0.000000] ACPI: LAPIC (acpi_id[0x2f] lapic_id[0x1b] enabled)
Jun 24 10:16:32 node-164 kernel: [    0.000000] ACPI: LAPIC (acpi_id[0x31] lapic_id[0x1d] enabled)
Jun 24 10:16:32 node-164 kernel: [    0.000000] ACPI: LAPIC (acpi_id[0x33] lapic_id[0x1f] enabled)
Jun 24 10:16:32 node-164 kernel: [    0.000000] ACPI: LAPIC_NMI (acpi_id[0x00] high edge lint[0x1])
Jun 24 10:16:32 node-164 kernel: [    0.000000] ACPI: LAPIC_NMI (acpi_id[0x02] high edge lint[0x1])
Jun 24 10:16:32 node-164 kernel: [    0.000000] ACPI: LAPIC_NMI (acpi_id[0x04] high edge lint[0x1])
Jun 24 10:16:32 node-164 kernel: [    0.000000] ACPI: LAPIC_NMI (acpi_id[0x06] high edge lint[0x1])
Jun 24 10:16:32 node-164 kernel: [    0.000000] ACPI: LAPIC_NMI (acpi_id[0x08] high edge lint[0x1])
Jun 24 10:16:32 node-164 kernel: [    0.000000] ACPI: LAPIC_NMI (acpi_id[0x0a] high edge lint[0x1])
Jun 24 10:16:32 node-164 kernel: [    0.000000] ACPI: LAPIC_NMI (acpi_id[0x0c] high edge lint[0x1])
Jun 24 10:16:32 node-164 kernel: [    0.000000] ACPI: LAPIC_NMI (acpi_id[0x0e] high edge lint[0x1])
Jun 24 10:16:32 node-164 kernel: [    0.000000] ACPI: LAPIC_NMI (acpi_id[0x10] high edge lint[0x1])
Jun 24 10:16:32 node-164 kernel: [    0.000000] ACPI: LAPIC_NMI (acpi_id[0x12] high edge lint[0x1])
Jun 24 10:16:32 node-164 kernel: [    0.000000] ACPI: LAPIC_NMI (acpi_id[0x14] high edge lint[0x1])
Jun 24 10:16:32 node-164 kernel: [    0.000000] ACPI: LAPIC_NMI (acpi_id[0x16] high edge lint[0x1])
Jun 24 10:16:32 node-164 kernel: [    0.000000] ACPI: LAPIC_NMI (acpi_id[0x18] high edge lint[0x1])
Jun 24 10:16:32 node-164 kernel: [    0.000000] ACPI: LAPIC_NMI (acpi_id[0x1a] high edge lint[0x1])
Jun 24 10:16:32 node-164 kernel: [    0.000000] ACPI: LAPIC_NMI (acpi_id[0x1c] high edge lint[0x1])
Jun 24 10:16:32 node-164 kernel: [    0.000000] ACPI: LAPIC_NMI (acpi_id[0x1e] high edge lint[0x1])
Jun 24 10:16:32 node-164 kernel: [    0.000000] ACPI: LAPIC_NMI (acpi_id[0x01] high edge lint[0x1])
Jun 24 10:16:32 node-164 kernel: [    0.000000] ACPI: LAPIC_NMI (acpi_id[0x03] high edge lint[0x1])
Jun 24 10:16:32 node-164 kernel: [    0.000000] ACPI: LAPIC_NMI (acpi_id[0x05] high edge lint[0x1])
Jun 24 10:16:32 node-164 kernel: [    0.000000] ACPI: LAPIC_NMI (acpi_id[0x07] high edge lint[0x1])
Jun 24 10:16:32 node-164 kernel: [    0.000000] ACPI: LAPIC_NMI (acpi_id[0x09] high edge lint[0x1])
Jun 24 10:16:32 node-164 kernel: [    0.000000] ACPI: LAPIC_NMI (acpi_id[0x0b] high edge lint[0x1])
Jun 24 10:16:32 node-164 kernel: [    0.000000] ACPI: LAPIC_NMI (acpi_id[0x0d] high edge lint[0x1])
Jun 24 10:16:32 node-164 kernel: [    0.000000] ACPI: LAPIC_NMI (acpi_id[0x0f] high edge lint[0x1])
Jun 24 10:16:32 node-164 kernel: [    0.000000] ACPI: LAPIC_NMI (acpi_id[0x11] high edge lint[0x1])
Jun 24 10:16:32 node-164 kernel: [    0.000000] ACPI: LAPIC_NMI (acpi_id[0x13] high edge lint[0x1])
Jun 24 10:16:32 node-164 kernel: [    0.000000] ACPI: LAPIC_NMI (acpi_id[0x15] high edge lint[0x1])
Jun 24 10:16:32 node-164 kernel: [    0.000000] ACPI: LAPIC_NMI (acpi_id[0x17] high edge lint[0x1])
Jun 24 10:16:32 node-164 kernel: [    0.000000] ACPI: LAPIC_NMI (acpi_id[0x19] high edge lint[0x1])
Jun 24 10:16:32 node-164 kernel: [    0.000000] ACPI: LAPIC_NMI (acpi_id[0x1b] high edge lint[0x1])
Jun 24 10:16:32 node-164 kernel: [    0.000000] ACPI: LAPIC_NMI (acpi_id[0x1d] high edge lint[0x1])
Jun 24 10:16:32 node-164 kernel: [    0.000000] ACPI: LAPIC_NMI (acpi_id[0x1f] high edge lint[0x1])
Jun 24 10:16:32 node-164 kernel: [    0.000000] ACPI: IOAPIC (id[0x08] address[0xfec00000] gsi_base[0])
Jun 24 10:16:32 node-164 kernel: [    0.000000] IOAPIC[0]: apic_id 8, version 32, address 0xfec00000, GSI 0-23
Jun 24 10:16:32 node-164 kernel: [    0.000000] ACPI: IOAPIC (id[0x09] address[0xfec01000] gsi_base[24])
Jun 24 10:16:32 node-164 kernel: [    0.000000] IOAPIC[1]: apic_id 9, version 32, address 0xfec01000, GSI 24-47
Jun 24 10:16:32 node-164 kernel: [    0.000000] ACPI: IOAPIC (id[0x0a] address[0xfec40000] gsi_base[48])
Jun 24 10:16:32 node-164 kernel: [    0.000000] IOAPIC[2]: apic_id 10, version 32, address 0xfec40000, GSI 48-71
Jun 24 10:16:32 node-164 kernel: [    0.000000] ACPI: INT_SRC_OVR (bus 0 bus_irq 0 global_irq 2 dfl dfl)
Jun 24 10:16:32 node-164 kernel: [    0.000000] ACPI: INT_SRC_OVR (bus 0 bus_irq 9 global_irq 9 high level)
Jun 24 10:16:32 node-164 kernel: [    0.000000] ACPI: IRQ0 used by override.
Jun 24 10:16:32 node-164 kernel: [    0.000000] ACPI: IRQ2 used by override.
Jun 24 10:16:32 node-164 kernel: [    0.000000] ACPI: IRQ9 used by override.
Jun 24 10:16:32 node-164 kernel: [    0.000000] Using ACPI (MADT) for SMP configuration information
Jun 24 10:16:32 node-164 kernel: [    0.000000] ACPI: HPET id: 0x8086a201 base: 0xfed00000
Jun 24 10:16:32 node-164 kernel: [    0.000000] smpboot: Allowing 32 CPUs, 0 hotplug CPUs
Jun 24 10:16:32 node-164 kernel: [    0.000000] nr_irqs_gsi: 88
Jun 24 10:16:32 node-164 kernel: [    0.000000] PM: Registered nosave memory: [mem 0x0009e000-0x0009ffff]
Jun 24 10:16:32 node-164 kernel: [    0.000000] PM: Registered nosave memory: [mem 0x000a0000-0x000dffff]
Jun 24 10:16:32 node-164 kernel: [    0.000000] PM: Registered nosave memory: [mem 0x000e0000-0x000fffff]
Jun 24 10:16:32 node-164 kernel: [    0.000000] PM: Registered nosave memory: [mem 0x51bbc000-0x524bbfff]
Jun 24 10:16:32 node-164 kernel: [    0.000000] PM: Registered nosave memory: [mem 0x67edf000-0x6b69efff]
Jun 24 10:16:32 node-164 kernel: [    0.000000] PM: Registered nosave memory: [mem 0x6b69f000-0x7b69efff]
Jun 24 10:16:32 node-164 kernel: [    0.000000] PM: Registered nosave memory: [mem 0x7b69f000-0x7b7fefff]
Jun 24 10:16:32 node-164 kernel: [    0.000000] PM: Registered nosave memory: [mem 0x7b800000-0x8fffffff]
Jun 24 10:16:32 node-164 kernel: [    0.000000] PM: Registered nosave memory: [mem 0x90000000-0xfeafffff]
Jun 24 10:16:32 node-164 kernel: [    0.000000] PM: Registered nosave memory: [mem 0xfeb00000-0xfeb03fff]
Jun 24 10:16:32 node-164 kernel: [    0.000000] PM: Registered nosave memory: [mem 0xfeb04000-0xfebfffff]
Jun 24 10:16:32 node-164 kernel: [    0.000000] PM: Registered nosave memory: [mem 0xfec00000-0xfec00fff]
Jun 24 10:16:32 node-164 kernel: [    0.000000] PM: Registered nosave memory: [mem 0xfec01000-0xfed17fff]
Jun 24 10:16:32 node-164 kernel: [    0.000000] PM: Registered nosave memory: [mem 0xfed18000-0xfed19fff]
Jun 24 10:16:32 node-164 kernel: [    0.000000] PM: Registered nosave memory: [mem 0xfed1a000-0xfed1bfff]
Jun 24 10:16:32 node-164 kernel: [    0.000000] PM: Registered nosave memory: [mem 0xfed1c000-0xfed1ffff]
Jun 24 10:16:32 node-164 kernel: [    0.000000] PM: Registered nosave memory: [mem 0xfed20000-0xff7fffff]
Jun 24 10:16:32 node-164 kernel: [    0.000000] PM: Registered nosave memory: [mem 0xff800000-0xffffffff]
Jun 24 10:16:32 node-164 kernel: [    0.000000] e820: [mem 0x90000000-0xfeafffff] available for PCI devices
Jun 24 10:16:32 node-164 kernel: [    0.000000] Booting paravirtualized kernel on bare hardware
Jun 24 10:16:32 node-164 kernel: [    0.000000] setup_percpu: NR_CPUS:256 nr_cpumask_bits:256 nr_cpu_ids:32 nr_node_ids:2
Jun 24 10:16:32 node-164 kernel: [    0.000000] PERCPU: Embedded 27 pages/cpu @ffff881040000000 s81536 r8192 d20864 u131072
Jun 24 10:16:32 node-164 kernel: [    0.000000] pcpu-alloc: s81536 r8192 d20864 u131072 alloc=1*2097152
Jun 24 10:16:32 node-164 kernel: [    0.000000] pcpu-alloc: [0] 00 01 02 03 04 05 06 07 16 17 18 19 20 21 22 23 
Jun 24 10:16:32 node-164 kernel: [    0.000000] pcpu-alloc: [1] 08 09 10 11 12 13 14 15 24 25 26 27 28 29 30 31 
Jun 24 10:16:32 node-164 kernel: [    0.000000] Built 2 zonelists in Zone order, mobility grouping on.  Total pages: 32930704
Jun 24 10:16:32 node-164 kernel: [    0.000000] Policy zone: Normal
Jun 24 10:16:32 node-164 kernel: [    0.000000] Kernel command line: BOOT_IMAGE=/vmlinuz-3.13.0-87-generic root=/dev/mapper/os-root ro console=tty0 net.ifnames=0 biosdevname=0 rootdelay=90 nomodeset root=UUID=52d44c10-84d5-42a0-8b51-711c27b47764 nomdmonddf nomdmonisw
Jun 24 10:16:32 node-164 kernel: [    0.000000] PID hash table entries: 4096 (order: 3, 32768 bytes)
Jun 24 10:16:32 node-164 kernel: [    0.000000] xsave: enabled xstate_bv 0x7, cntxt size 0x340
Jun 24 10:16:32 node-164 kernel: [    0.000000] Checking aperture...
Jun 24 10:16:32 node-164 kernel: [    0.000000] No AGP bridge found
Jun 24 10:16:32 node-164 kernel: [    0.000000] Calgary: detecting Calgary via BIOS EBDA area
Jun 24 10:16:32 node-164 kernel: [    0.000000] Calgary: Unable to locate Rio Grande table in EBDA - bailing!
Jun 24 10:16:32 node-164 kernel: [    0.000000] Memory: 131614364K/133813748K available (7418K kernel code, 1146K rwdata, 3416K rodata, 1336K init, 1448K bss, 2199384K reserved)
Jun 24 10:16:32 node-164 kernel: [    0.000000] SLUB: HWalign=64, Order=0-3, MinObjects=0, CPUs=32, Nodes=2
Jun 24 10:16:32 node-164 kernel: [    0.000000] Hierarchical RCU implementation.
Jun 24 10:16:32 node-164 kernel: [    0.000000] 	RCU dyntick-idle grace-period acceleration is enabled.
Jun 24 10:16:32 node-164 kernel: [    0.000000] 	RCU restricting CPUs from NR_CPUS=256 to nr_cpu_ids=32.
Jun 24 10:16:32 node-164 kernel: [    0.000000] 	Offload RCU callbacks from all CPUs
Jun 24 10:16:32 node-164 kernel: [    0.000000] 	Offload RCU callbacks from CPUs: 0-31.
Jun 24 10:16:32 node-164 kernel: [    0.000000] NR_IRQS:16640 nr_irqs:1752 16
Jun 24 10:16:32 node-164 kernel: [    0.000000] Console: colour dummy device 80x25
Jun 24 10:16:32 node-164 kernel: [    0.000000] console [tty0] enabled
Jun 24 10:16:32 node-164 kernel: [    0.000000] allocated 535822336 bytes of page_cgroup
Jun 24 10:16:32 node-164 kernel: [    0.000000] please try 'cgroup_disable=memory' option if you don't want memory cgroups
Jun 24 10:16:32 node-164 kernel: [    0.000000] Enabling automatic NUMA balancing. Configure with numa_balancing= or the kernel.numa_balancing sysctl
Jun 24 10:16:32 node-164 kernel: [    0.000000] hpet clockevent registered
Jun 24 10:16:32 node-164 kernel: [    0.000000] tsc: Fast TSC calibration using PIT
Jun 24 10:16:32 node-164 kernel: [    0.004000] tsc: Detected 2394.558 MHz processor
Jun 24 10:16:32 node-164 kernel: [    0.000011] Calibrating delay loop (skipped), value calculated using timer frequency.. 4789.11 BogoMIPS (lpj=9578232)
Jun 24 10:16:32 node-164 kernel: [    0.000015] pid_max: default: 32768 minimum: 301
Jun 24 10:16:32 node-164 kernel: [    0.000088] Security Framework initialized
Jun 24 10:16:32 node-164 kernel: [    0.000130] AppArmor: AppArmor initialized
Jun 24 10:16:32 node-164 kernel: [    0.000132] Yama: becoming mindful.
Jun 24 10:16:32 node-164 kernel: [    0.008020] Dentry cache hash table entries: 16777216 (order: 15, 134217728 bytes)
Jun 24 10:16:32 node-164 kernel: [    0.037016] Inode-cache hash table entries: 8388608 (order: 14, 67108864 bytes)
Jun 24 10:16:32 node-164 kernel: [    0.049658] Mount-cache hash table entries: 262144 (order: 9, 2097152 bytes)
Jun 24 10:16:32 node-164 kernel: [    0.049788] Mountpoint-cache hash table entries: 262144 (order: 9, 2097152 bytes)
Jun 24 10:16:32 node-164 kernel: [    0.050724] Initializing cgroup subsys memory
Jun 24 10:16:32 node-164 kernel: [    0.050739] Initializing cgroup subsys devices
Jun 24 10:16:32 node-164 kernel: [    0.050741] Initializing cgroup subsys freezer
Jun 24 10:16:32 node-164 kernel: [    0.050743] Initializing cgroup subsys blkio
Jun 24 10:16:32 node-164 kernel: [    0.050746] Initializing cgroup subsys perf_event
Jun 24 10:16:32 node-164 kernel: [    0.050753] Initializing cgroup subsys hugetlb
Jun 24 10:16:32 node-164 kernel: [    0.050782] CPU: Physical Processor ID: 0
Jun 24 10:16:32 node-164 kernel: [    0.050784] CPU: Processor Core ID: 0
Jun 24 10:16:32 node-164 kernel: [    0.051668] mce: CPU supports 22 MCE banks
Jun 24 10:16:32 node-164 kernel: [    0.051705] CPU0: Thermal monitoring enabled (TM1)
Jun 24 10:16:32 node-164 kernel: [    0.051736] Last level iTLB entries: 4KB 0, 2MB 0, 4MB 0
Jun 24 10:16:32 node-164 kernel: [    0.051736] Last level dTLB entries: 4KB 64, 2MB 0, 4MB 0
Jun 24 10:16:32 node-164 kernel: [    0.051736] tlb_flushall_shift: 6
Jun 24 10:16:32 node-164 kernel: [    0.051854] Freeing SMP alternatives memory: 32K (ffffffff81e6e000 - ffffffff81e76000)
Jun 24 10:16:32 node-164 kernel: [    0.052813] ACPI: Core revision 20131115
Jun 24 10:16:32 node-164 kernel: [    0.068558] ACPI: All ACPI Tables successfully acquired
Jun 24 10:16:32 node-164 kernel: [    0.078460] ftrace: allocating 28609 entries in 112 pages
Jun 24 10:16:32 node-164 kernel: [    0.090514] dmar: Host address width 46
Jun 24 10:16:32 node-164 kernel: [    0.090517] dmar: DRHD base: 0x000000fbffc000 flags: 0x0
Jun 24 10:16:32 node-164 kernel: [    0.090523] dmar: IOMMU 0: reg_base_addr fbffc000 ver 1:0 cap d2078c106f0466 ecap f020df
Jun 24 10:16:32 node-164 kernel: [    0.090526] dmar: DRHD base: 0x000000c7ffc000 flags: 0x1
Jun 24 10:16:32 node-164 kernel: [    0.090531] dmar: IOMMU 1: reg_base_addr c7ffc000 ver 1:0 cap d2078c106f0466 ecap f020df
Jun 24 10:16:32 node-164 kernel: [    0.090533] dmar: RMRR base: 0x000000693e6000 end: 0x000000693e8fff
Jun 24 10:16:32 node-164 kernel: [    0.090535] dmar: ATSR flags: 0x0
Jun 24 10:16:32 node-164 kernel: [    0.090536] dmar: ATSR flags: 0x0
Jun 24 10:16:32 node-164 kernel: [    0.090538] dmar: RHSA base: 0x000000c7ffc000 proximity domain: 0x0
Jun 24 10:16:32 node-164 kernel: [    0.090539] dmar: RHSA base: 0x000000fbffc000 proximity domain: 0x1
Jun 24 10:16:32 node-164 kernel: [    0.090663] IOAPIC id 10 under DRHD base  0xfbffc000 IOMMU 0
Jun 24 10:16:32 node-164 kernel: [    0.090664] IOAPIC id 8 under DRHD base  0xc7ffc000 IOMMU 1
Jun 24 10:16:32 node-164 kernel: [    0.090666] IOAPIC id 9 under DRHD base  0xc7ffc000 IOMMU 1
Jun 24 10:16:32 node-164 kernel: [    0.090667] HPET id 0 under DRHD base 0xc7ffc000
Jun 24 10:16:32 node-164 kernel: [    0.090669] Your BIOS is broken and requested that x2apic be disabled.
Jun 24 10:16:32 node-164 kernel: [    0.090669] This will slightly decrease performance.
Jun 24 10:16:32 node-164 kernel: [    0.090669] Use 'intremap=no_x2apic_optout' to override BIOS request.
Jun 24 10:16:32 node-164 kernel: [    0.091153] Enabled IRQ remapping in xapic mode
Jun 24 10:16:32 node-164 kernel: [    0.091155] x2apic not enabled, IRQ remapping is in xapic mode
Jun 24 10:16:32 node-164 kernel: [    0.091160] Switched APIC routing to physical flat.
Jun 24 10:16:32 node-164 kernel: [    0.091816] ..TIMER: vector=0x30 apic1=0 pin1=2 apic2=-1 pin2=-1
Jun 24 10:16:32 node-164 kernel: [    0.131534] smpboot: CPU0: Intel(R) Xeon(R) CPU E5-2630 v3 @ 2.40GHz (fam: 06, model: 3f, stepping: 02)
Jun 24 10:16:32 node-164 kernel: [    0.131541] TSC deadline timer enabled
Jun 24 10:16:32 node-164 kernel: [    0.131554] Performance Events: PEBS fmt2+, 16-deep LBR, Haswell events, full-width counters, Intel PMU driver.
Jun 24 10:16:32 node-164 kernel: [    0.131561] ... version:                3
Jun 24 10:16:32 node-164 kernel: [    0.131563] ... bit width:              48
Jun 24 10:16:32 node-164 kernel: [    0.131564] ... generic registers:      4
Jun 24 10:16:32 node-164 kernel: [    0.131566] ... value mask:             0000ffffffffffff
Jun 24 10:16:32 node-164 kernel: [    0.131567] ... max period:             0000ffffffffffff
Jun 24 10:16:32 node-164 kernel: [    0.131568] ... fixed-purpose events:   3
Jun 24 10:16:32 node-164 kernel: [    0.131570] ... event mask:             000000070000000f
Jun 24 10:16:32 node-164 kernel: [    0.133920] x86: Booting SMP configuration:
Jun 24 10:16:32 node-164 kernel: [    0.148546] NMI watchdog: enabled on all CPUs, permanently consumes one hw-PMU counter.
Jun 24 10:16:32 node-164 kernel: [    0.133922] .... node  #0, CPUs:        #1  #2  #3  #4  #5  #6  #7
Jun 24 10:16:32 node-164 kernel: [    0.233576] .... node  #1, CPUs:    #8  #9 #10 #11 #12 #13 #14 #15
Jun 24 10:16:32 node-164 kernel: [    0.444674] .... node  #0, CPUs:   #16 #17 #18 #19 #20 #21 #22 #23
Jun 24 10:16:32 node-164 kernel: [    0.557936] .... node  #1, CPUs:   #24 #25 #26 #27 #28 #29 #30 #31
Jun 24 10:16:32 node-164 kernel: [    0.670951] x86: Booted up 2 nodes, 32 CPUs
Jun 24 10:16:32 node-164 kernel: [    0.670956] smpboot: Total of 32 processors activated (153290.40 BogoMIPS)
Jun 24 10:16:32 node-164 kernel: [    0.736357] devtmpfs: initialized
Jun 24 10:16:32 node-164 kernel: [    0.745215] EVM: security.selinux
Jun 24 10:16:32 node-164 kernel: [    0.745218] EVM: security.SMACK64
Jun 24 10:16:32 node-164 kernel: [    0.745219] EVM: security.ima
Jun 24 10:16:32 node-164 kernel: [    0.745221] EVM: security.capability
Jun 24 10:16:32 node-164 kernel: [    0.745285] PM: Registering ACPI NVS region [mem 0x6b69f000-0x7b69efff] (268435456 bytes)
Jun 24 10:16:32 node-164 kernel: [    0.749610] pinctrl core: initialized pinctrl subsystem
Jun 24 10:16:32 node-164 kernel: [    0.749676] regulator-dummy: no parameters
Jun 24 10:16:32 node-164 kernel: [    0.749706] RTC time: 10:16:01, date: 06/24/16
Jun 24 10:16:32 node-164 kernel: [    0.749759] NET: Registered protocol family 16
Jun 24 10:16:32 node-164 kernel: [    0.749879] cpuidle: using governor ladder
Jun 24 10:16:32 node-164 kernel: [    0.749881] cpuidle: using governor menu
Jun 24 10:16:32 node-164 kernel: [    0.749928] ACPI FADT declares the system doesn't support PCIe ASPM, so disable it
Jun 24 10:16:32 node-164 kernel: [    0.749930] ACPI: bus type PCI registered
Jun 24 10:16:32 node-164 kernel: [    0.749933] acpiphp: ACPI Hot Plug PCI Controller Driver version: 0.5
Jun 24 10:16:32 node-164 kernel: [    0.749998] PCI: MMCONFIG for domain 0000 [bus 00-ff] at [mem 0x80000000-0x8fffffff] (base 0x80000000)
Jun 24 10:16:32 node-164 kernel: [    0.750002] PCI: MMCONFIG at [mem 0x80000000-0x8fffffff] reserved in E820
Jun 24 10:16:32 node-164 kernel: [    0.770428] PCI: Using configuration type 1 for base access
Jun 24 10:16:32 node-164 kernel: [    0.772816] bio: create slab <bio-0> at 0
Jun 24 10:16:32 node-164 kernel: [    0.773207] ACPI: Added _OSI(Module Device)
Jun 24 10:16:32 node-164 kernel: [    0.773210] ACPI: Added _OSI(Processor Device)
Jun 24 10:16:32 node-164 kernel: [    0.773211] ACPI: Added _OSI(3.0 _SCP Extensions)
Jun 24 10:16:32 node-164 kernel: [    0.773213] ACPI: Added _OSI(Processor Aggregator Device)
Jun 24 10:16:32 node-164 kernel: [    0.782628] ACPI: Executed 1 blocks of module-level executable AML code
Jun 24 10:16:32 node-164 kernel: [    0.791646] [Firmware Bug]: ACPI: BIOS _OSI(Linux) query ignored
Jun 24 10:16:32 node-164 kernel: [    0.793043] ACPI: Dynamic OEM Table Load:
Jun 24 10:16:32 node-164 kernel: [    0.793046] ACPI: PRAD           (null) 0000D1 (v02 INSYDE  HSW-LPT 00000002 ACPI 00040000)
Jun 24 10:16:32 node-164 kernel: [    0.794058] ACPI: Interpreter enabled
Jun 24 10:16:32 node-164 kernel: [    0.794065] ACPI Exception: AE_NOT_FOUND, While evaluating Sleep State [\_S1_] (20131115/hwxface-580)
Jun 24 10:16:32 node-164 kernel: [    0.794071] ACPI Exception: AE_NOT_FOUND, While evaluating Sleep State [\_S2_] (20131115/hwxface-580)
Jun 24 10:16:32 node-164 kernel: [    0.794075] ACPI Exception: AE_NOT_FOUND, While evaluating Sleep State [\_S3_] (20131115/hwxface-580)
Jun 24 10:16:32 node-164 kernel: [    0.794087] ACPI: (supports S0 S4 S5)
Jun 24 10:16:32 node-164 kernel: [    0.794089] ACPI: Using IOAPIC for interrupt routing
Jun 24 10:16:32 node-164 kernel: [    0.794133] HEST: Table parsing has been initialized.
Jun 24 10:16:32 node-164 kernel: [    0.794136] PCI: Using host bridge windows from ACPI; if necessary, use "pci=nocrs" and report a bug
Jun 24 10:16:32 node-164 kernel: [    0.797097] ACPI: No dock devices found.
Jun 24 10:16:32 node-164 kernel: [    0.814700] ACPI: PCI Root Bridge [PCI0] (domain 0000 [bus 00-7e])
Jun 24 10:16:32 node-164 kernel: [    0.814707] acpi PNP0A08:00: _OSC: OS supports [ExtendedConfig ASPM ClockPM Segments MSI]
Jun 24 10:16:32 node-164 kernel: [    0.815131] acpi PNP0A08:00: _OSC: OS now controls [PCIeHotplug PME AER PCIeCapability]
Jun 24 10:16:32 node-164 kernel: [    0.815133] acpi PNP0A08:00: FADT indicates ASPM is unsupported, using BIOS configuration
Jun 24 10:16:32 node-164 kernel: [    0.815930] PCI host bridge to bus 0000:00
Jun 24 10:16:32 node-164 kernel: [    0.815934] pci_bus 0000:00: root bus resource [bus 00-7e]
Jun 24 10:16:32 node-164 kernel: [    0.815936] pci_bus 0000:00: root bus resource [io  0x0000-0x0cf7]
Jun 24 10:16:32 node-164 kernel: [    0.815938] pci_bus 0000:00: root bus resource [io  0x1000-0x7fff]
Jun 24 10:16:32 node-164 kernel: [    0.815940] pci_bus 0000:00: root bus resource [mem 0x000a0000-0x000bffff]
Jun 24 10:16:32 node-164 kernel: [    0.815942] pci_bus 0000:00: root bus resource [mem 0x90000000-0xc7ffbfff]
Jun 24 10:16:32 node-164 kernel: [    0.815944] pci_bus 0000:00: root bus resource [mem 0x20000000000-0x23fffffffff]
Jun 24 10:16:32 node-164 kernel: [    0.815953] pci 0000:00:00.0: [8086:2f00] type 00 class 0x060000
Jun 24 10:16:32 node-164 kernel: [    0.816051] pci 0000:00:01.0: [8086:2f02] type 01 class 0x060400
Jun 24 10:16:32 node-164 kernel: [    0.816089] pci 0000:00:01.0: PME# supported from D0 D3hot D3cold
Jun 24 10:16:32 node-164 kernel: [    0.816139] pci 0000:00:01.0: System wakeup disabled by ACPI
Jun 24 10:16:32 node-164 kernel: [    0.816165] pci 0000:00:02.0: [8086:2f04] type 01 class 0x060400
Jun 24 10:16:32 node-164 kernel: [    0.816201] pci 0000:00:02.0: PME# supported from D0 D3hot D3cold
Jun 24 10:16:32 node-164 kernel: [    0.816254] pci 0000:00:02.0: System wakeup disabled by ACPI
Jun 24 10:16:32 node-164 kernel: [    0.816279] pci 0000:00:02.2: [8086:2f06] type 01 class 0x060400
Jun 24 10:16:32 node-164 kernel: [    0.816315] pci 0000:00:02.2: PME# supported from D0 D3hot D3cold
Jun 24 10:16:32 node-164 kernel: [    0.816361] pci 0000:00:02.2: System wakeup disabled by ACPI
Jun 24 10:16:32 node-164 kernel: [    0.816387] pci 0000:00:03.0: [8086:2f08] type 01 class 0x060400
Jun 24 10:16:32 node-164 kernel: [    0.816423] pci 0000:00:03.0: PME# supported from D0 D3hot D3cold
Jun 24 10:16:32 node-164 kernel: [    0.816468] pci 0000:00:03.0: System wakeup disabled by ACPI
Jun 24 10:16:32 node-164 kernel: [    0.816491] pci 0000:00:05.0: [8086:2f28] type 00 class 0x088000
Jun 24 10:16:32 node-164 kernel: [    0.816575] pci 0000:00:05.1: [8086:2f29] type 00 class 0x088000
Jun 24 10:16:32 node-164 kernel: [    0.816665] pci 0000:00:05.2: [8086:2f2a] type 00 class 0x088000
Jun 24 10:16:32 node-164 kernel: [    0.816746] pci 0000:00:05.4: [8086:2f2c] type 00 class 0x080020
Jun 24 10:16:32 node-164 kernel: [    0.816752] pci 0000:00:05.4: reg 0x10: [mem 0x92708000-0x92708fff]
Jun 24 10:16:32 node-164 kernel: [    0.816853] pci 0000:00:11.0: [8086:8d7c] type 00 class 0xff0000
Jun 24 10:16:32 node-164 kernel: [    0.817009] pci 0000:00:11.4: [8086:8d62] type 00 class 0x010601
Jun 24 10:16:32 node-164 kernel: [    0.817026] pci 0000:00:11.4: reg 0x10: [io  0x4078-0x407f]
Jun 24 10:16:32 node-164 kernel: [    0.817034] pci 0000:00:11.4: reg 0x14: [io  0x408c-0x408f]
Jun 24 10:16:32 node-164 kernel: [    0.817042] pci 0000:00:11.4: reg 0x18: [io  0x4070-0x4077]
Jun 24 10:16:32 node-164 kernel: [    0.817049] pci 0000:00:11.4: reg 0x1c: [io  0x4088-0x408b]
Jun 24 10:16:32 node-164 kernel: [    0.817057] pci 0000:00:11.4: reg 0x20: [io  0x4040-0x405f]
Jun 24 10:16:32 node-164 kernel: [    0.817065] pci 0000:00:11.4: reg 0x24: [mem 0x92702000-0x927027ff]
Jun 24 10:16:32 node-164 kernel: [    0.817107] pci 0000:00:11.4: PME# supported from D3hot
Jun 24 10:16:32 node-164 kernel: [    0.817182] pci 0000:00:16.0: [8086:8d3a] type 00 class 0x078000
Jun 24 10:16:32 node-164 kernel: [    0.817200] pci 0000:00:16.0: reg 0x10: [mem 0x92707000-0x9270700f 64bit]
Jun 24 10:16:32 node-164 kernel: [    0.817258] pci 0000:00:16.0: PME# supported from D0 D3hot D3cold
Jun 24 10:16:32 node-164 kernel: [    0.817329] pci 0000:00:16.1: [8086:8d3b] type 00 class 0x078000
Jun 24 10:16:32 node-164 kernel: [    0.817346] pci 0000:00:16.1: reg 0x10: [mem 0x92706000-0x9270600f 64bit]
Jun 24 10:16:32 node-164 kernel: [    0.817405] pci 0000:00:16.1: PME# supported from D0 D3hot D3cold
Jun 24 10:16:32 node-164 kernel: [    0.817484] pci 0000:00:1a.0: [8086:8d2d] type 00 class 0x0c0320
Jun 24 10:16:32 node-164 kernel: [    0.817975] pci 0000:00:1a.0: reg 0x10: [mem 0x92704000-0x927043ff]
Jun 24 10:16:32 node-164 kernel: [    0.820777] pci 0000:00:1a.0: PME# supported from D0 D3hot D3cold
Jun 24 10:16:32 node-164 kernel: [    0.820842] pci 0000:00:1a.0: System wakeup disabled by ACPI
Jun 24 10:16:32 node-164 kernel: [    0.820873] pci 0000:00:1c.0: [8086:8d10] type 01 class 0x060400
Jun 24 10:16:32 node-164 kernel: [    0.820935] pci 0000:00:1c.0: PME# supported from D0 D3hot D3cold
Jun 24 10:16:32 node-164 kernel: [    0.820984] pci 0000:00:1c.0: System wakeup disabled by ACPI
Jun 24 10:16:32 node-164 kernel: [    0.821013] pci 0000:00:1c.2: [8086:8d14] type 01 class 0x060400
Jun 24 10:16:32 node-164 kernel: [    0.821075] pci 0000:00:1c.2: PME# supported from D0 D3hot D3cold
Jun 24 10:16:32 node-164 kernel: [    0.821123] pci 0000:00:1c.2: System wakeup disabled by ACPI
Jun 24 10:16:32 node-164 kernel: [    0.821148] pci 0000:00:1c.3: [8086:8d16] type 01 class 0x060400
Jun 24 10:16:32 node-164 kernel: [    0.821210] pci 0000:00:1c.3: PME# supported from D0 D3hot D3cold
Jun 24 10:16:32 node-164 kernel: [    0.821262] pci 0000:00:1c.3: System wakeup disabled by ACPI
Jun 24 10:16:32 node-164 kernel: [    0.821296] pci 0000:00:1d.0: [8086:8d26] type 00 class 0x0c0320
Jun 24 10:16:32 node-164 kernel: [    0.821771] pci 0000:00:1d.0: reg 0x10: [mem 0x92703000-0x927033ff]
Jun 24 10:16:32 node-164 kernel: [    0.824566] pci 0000:00:1d.0: PME# supported from D0 D3hot D3cold
Jun 24 10:16:32 node-164 kernel: [    0.824629] pci 0000:00:1d.0: System wakeup disabled by ACPI
Jun 24 10:16:32 node-164 kernel: [    0.824664] pci 0000:00:1f.0: [8086:8d44] type 00 class 0x060100
Jun 24 10:16:32 node-164 kernel: [    0.824826] pci 0000:00:1f.2: [8086:8d02] type 00 class 0x010601
Jun 24 10:16:32 node-164 kernel: [    0.824841] pci 0000:00:1f.2: reg 0x10: [io  0x4068-0x406f]
Jun 24 10:16:32 node-164 kernel: [    0.824848] pci 0000:00:1f.2: reg 0x14: [io  0x4084-0x4087]
Jun 24 10:16:32 node-164 kernel: [    0.824854] pci 0000:00:1f.2: reg 0x18: [io  0x4060-0x4067]
Jun 24 10:16:32 node-164 kernel: [    0.824861] pci 0000:00:1f.2: reg 0x1c: [io  0x4080-0x4083]
Jun 24 10:16:32 node-164 kernel: [    0.824867] pci 0000:00:1f.2: reg 0x20: [io  0x4020-0x403f]
Jun 24 10:16:32 node-164 kernel: [    0.824874] pci 0000:00:1f.2: reg 0x24: [mem 0x92701000-0x927017ff]
Jun 24 10:16:32 node-164 kernel: [    0.824910] pci 0000:00:1f.2: PME# supported from D3hot
Jun 24 10:16:32 node-164 kernel: [    0.824974] pci 0000:00:1f.3: [8086:8d22] type 00 class 0x0c0500
Jun 24 10:16:32 node-164 kernel: [    0.824988] pci 0000:00:1f.3: reg 0x10: [mem 0x92705000-0x927050ff 64bit]
Jun 24 10:16:32 node-164 kernel: [    0.825006] pci 0000:00:1f.3: reg 0x20: [io  0x4000-0x401f]
Jun 24 10:16:32 node-164 kernel: [    0.825086] pci 0000:00:1f.6: [8086:8d24] type 00 class 0x118000
Jun 24 10:16:32 node-164 kernel: [    0.825105] pci 0000:00:1f.6: reg 0x10: [mem 0x92700000-0x92700fff 64bit]
Jun 24 10:16:32 node-164 kernel: [    0.825341] acpiphp: Slot [0] registered
Jun 24 10:16:32 node-164 kernel: [    0.825369] pci 0000:01:00.0: [1000:005d] type 00 class 0x010400
Jun 24 10:16:32 node-164 kernel: [    0.825376] pci 0000:01:00.0: reg 0x10: [io  0x3000-0x30ff]
Jun 24 10:16:32 node-164 kernel: [    0.825384] pci 0000:01:00.0: reg 0x14: [mem 0x92600000-0x9260ffff 64bit]
Jun 24 10:16:32 node-164 kernel: [    0.825391] pci 0000:01:00.0: reg 0x1c: [mem 0x92500000-0x925fffff 64bit]
Jun 24 10:16:32 node-164 kernel: [    0.825400] pci 0000:01:00.0: reg 0x30: [mem 0xfff00000-0xffffffff pref]
Jun 24 10:16:32 node-164 kernel: [    0.825434] pci 0000:01:00.0: supports D1 D2
Jun 24 10:16:32 node-164 kernel: [    0.831860] pci 0000:00:01.0: PCI bridge to [bus 01]
Jun 24 10:16:32 node-164 kernel: [    0.831863] pci 0000:00:01.0:   bridge window [io  0x3000-0x3fff]
Jun 24 10:16:32 node-164 kernel: [    0.831865] pci 0000:00:01.0:   bridge window [mem 0x92500000-0x926fffff]
Jun 24 10:16:32 node-164 kernel: [    0.831989] acpiphp: Slot [0-2] registered
Jun 24 10:16:32 node-164 kernel: [    0.832033] pci 0000:02:00.0: [8086:1521] type 00 class 0x020000
Jun 24 10:16:32 node-164 kernel: [    0.832043] pci 0000:02:00.0: reg 0x10: [mem 0x92300000-0x923fffff]
Jun 24 10:16:32 node-164 kernel: [    0.832056] pci 0000:02:00.0: reg 0x18: [io  0x2020-0x203f]
Jun 24 10:16:32 node-164 kernel: [    0.832063] pci 0000:02:00.0: reg 0x1c: [mem 0x92404000-0x92407fff]
Jun 24 10:16:32 node-164 kernel: [    0.832114] pci 0000:02:00.0: PME# supported from D0 D3hot D3cold
Jun 24 10:16:32 node-164 kernel: [    0.832143] pci 0000:02:00.0: reg 0x184: [mem 0x00000000-0x00003fff 64bit pref]
Jun 24 10:16:32 node-164 kernel: [    0.832156] pci 0000:02:00.0: reg 0x190: [mem 0x00000000-0x00003fff 64bit pref]
Jun 24 10:16:32 node-164 kernel: [    0.832210] pci 0000:02:00.1: [8086:1521] type 00 class 0x020000
Jun 24 10:16:32 node-164 kernel: [    0.832219] pci 0000:02:00.1: reg 0x10: [mem 0x92200000-0x922fffff]
Jun 24 10:16:32 node-164 kernel: [    0.832231] pci 0000:02:00.1: reg 0x18: [io  0x2000-0x201f]
Jun 24 10:16:32 node-164 kernel: [    0.832238] pci 0000:02:00.1: reg 0x1c: [mem 0x92400000-0x92403fff]
Jun 24 10:16:32 node-164 kernel: [    0.832289] pci 0000:02:00.1: PME# supported from D0 D3hot D3cold
Jun 24 10:16:32 node-164 kernel: [    0.832313] pci 0000:02:00.1: reg 0x184: [mem 0x00000000-0x00003fff 64bit pref]
Jun 24 10:16:32 node-164 kernel: [    0.832326] pci 0000:02:00.1: reg 0x190: [mem 0x00000000-0x00003fff 64bit pref]
Jun 24 10:16:32 node-164 kernel: [    0.839872] pci 0000:00:02.0: PCI bridge to [bus 02]
Jun 24 10:16:32 node-164 kernel: [    0.839876] pci 0000:00:02.0:   bridge window [io  0x2000-0x2fff]
Jun 24 10:16:32 node-164 kernel: [    0.839878] pci 0000:00:02.0:   bridge window [mem 0x92200000-0x924fffff]
Jun 24 10:16:32 node-164 kernel: [    0.840001] acpiphp: Slot [0-3] registered
Jun 24 10:16:32 node-164 kernel: [    0.840025] pci 0000:00:02.2: PCI bridge to [bus 03]
Jun 24 10:16:32 node-164 kernel: [    0.840144] acpiphp: Slot [0-4] registered
Jun 24 10:16:32 node-164 kernel: [    0.840170] pci 0000:00:03.0: PCI bridge to [bus 04]
Jun 24 10:16:32 node-164 kernel: [    0.840220] pci 0000:00:1c.0: PCI bridge to [bus 05]
Jun 24 10:16:32 node-164 kernel: [    0.840295] pci 0000:06:00.0: [19e5:1711] type 00 class 0x030000
Jun 24 10:16:32 node-164 kernel: [    0.840312] pci 0000:06:00.0: reg 0x10: [mem 0x90000000-0x91ffffff pref]
Jun 24 10:16:32 node-164 kernel: [    0.840324] pci 0000:06:00.0: reg 0x14: [mem 0x92000000-0x921fffff]
Jun 24 10:16:32 node-164 kernel: [    0.840433] pci 0000:06:00.0: supports D1
Jun 24 10:16:32 node-164 kernel: [    0.840435] pci 0000:06:00.0: PME# supported from D0 D1 D3hot
Jun 24 10:16:32 node-164 kernel: [    0.840460] pci 0000:06:00.0: System wakeup disabled by ACPI
Jun 24 10:16:32 node-164 kernel: [    0.847885] pci 0000:00:1c.2: PCI bridge to [bus 06]
Jun 24 10:16:32 node-164 kernel: [    0.847891] pci 0000:00:1c.2:   bridge window [mem 0x92000000-0x921fffff]
Jun 24 10:16:32 node-164 kernel: [    0.847895] pci 0000:00:1c.2:   bridge window [mem 0x90000000-0x91ffffff 64bit pref]
Jun 24 10:16:32 node-164 kernel: [    0.847946] pci 0000:00:1c.3: PCI bridge to [bus 07]
Jun 24 10:16:32 node-164 kernel: [    0.847980] pci_bus 0000:00: on NUMA node 0 (pxm 0)
Jun 24 10:16:32 node-164 kernel: [    0.848745] ACPI: PCI Interrupt Link [LNKA] (IRQs 1 3 4 5 6 10 11 12 14 15) *7
Jun 24 10:16:32 node-164 kernel: [    0.848790] ACPI: PCI Interrupt Link [LNKB] (IRQs 1 3 4 5 6 *10 11 12 14 15)
Jun 24 10:16:32 node-164 kernel: [    0.848830] ACPI: PCI Interrupt Link [LNKC] (IRQs 1 3 4 5 6 10 11 12 14 15) *7
Jun 24 10:16:32 node-164 kernel: [    0.848871] ACPI: PCI Interrupt Link [LNKD] (IRQs 1 3 4 5 6 *10 11 12 14 15)
Jun 24 10:16:32 node-164 kernel: [    0.848911] ACPI: PCI Interrupt Link [LNKE] (IRQs 1 3 4 5 6 10 11 12 14 15) *0, disabled.
Jun 24 10:16:32 node-164 kernel: [    0.848952] ACPI: PCI Interrupt Link [LNKF] (IRQs 1 3 4 5 6 10 11 12 14 15) *0, disabled.
Jun 24 10:16:32 node-164 kernel: [    0.848992] ACPI: PCI Interrupt Link [LNKG] (IRQs 1 3 4 5 6 10 11 12 14 15) *0, disabled.
Jun 24 10:16:32 node-164 kernel: [    0.849033] ACPI: PCI Interrupt Link [LNKH] (IRQs 1 3 4 5 6 10 *11 12 14 15)
Jun 24 10:16:32 node-164 kernel: [    0.849215] ACPI: PCI Root Bridge [IIO1] (domain 0000 [bus 80-fe])
Jun 24 10:16:32 node-164 kernel: [    0.849220] acpi PNP0A08:01: _OSC: OS supports [ExtendedConfig ASPM ClockPM Segments MSI]
Jun 24 10:16:32 node-164 kernel: [    0.849329] acpi PNP0A08:01: _OSC: OS now controls [PCIeHotplug PME AER PCIeCapability]
Jun 24 10:16:32 node-164 kernel: [    0.849331] acpi PNP0A08:01: FADT indicates ASPM is unsupported, using BIOS configuration
Jun 24 10:16:32 node-164 kernel: [    0.849732] PCI host bridge to bus 0000:80
Jun 24 10:16:32 node-164 kernel: [    0.849735] pci_bus 0000:80: root bus resource [bus 80-fe]
Jun 24 10:16:32 node-164 kernel: [    0.849737] pci_bus 0000:80: root bus resource [io  0x0000-0x0cf7]
Jun 24 10:16:32 node-164 kernel: [    0.849739] pci_bus 0000:80: root bus resource [io  0x8000-0xffff]
Jun 24 10:16:32 node-164 kernel: [    0.849741] pci_bus 0000:80: root bus resource [mem 0xc8000000-0xfbffbfff]
Jun 24 10:16:32 node-164 kernel: [    0.849744] pci_bus 0000:80: root bus resource [mem 0x24000000000-0x27fffffffff]
Jun 24 10:16:32 node-164 kernel: [    0.849755] pci 0000:80:02.0: [8086:2f04] type 01 class 0x060400
Jun 24 10:16:32 node-164 kernel: [    0.849798] pci 0000:80:02.0: PME# supported from D0 D3hot D3cold
Jun 24 10:16:32 node-164 kernel: [    0.849828] pci 0000:80:02.0: System wakeup disabled by ACPI
Jun 24 10:16:32 node-164 kernel: [    0.849863] pci 0000:80:02.2: [8086:2f06] type 01 class 0x060400
Jun 24 10:16:32 node-164 kernel: [    0.849904] pci 0000:80:02.2: PME# supported from D0 D3hot D3cold
Jun 24 10:16:32 node-164 kernel: [    0.849933] pci 0000:80:02.2: System wakeup disabled by ACPI
Jun 24 10:16:32 node-164 kernel: [    0.849963] pci 0000:80:05.0: [8086:2f28] type 00 class 0x088000
Jun 24 10:16:32 node-164 kernel: [    0.850035] pci 0000:80:05.1: [8086:2f29] type 00 class 0x088000
Jun 24 10:16:32 node-164 kernel: [    0.850112] pci 0000:80:05.2: [8086:2f2a] type 00 class 0x088000
Jun 24 10:16:32 node-164 kernel: [    0.850184] pci 0000:80:05.4: [8086:2f2c] type 00 class 0x080020
Jun 24 10:16:32 node-164 kernel: [    0.850190] pci 0000:80:05.4: reg 0x10: [mem 0xc8500000-0xc8500fff]
Jun 24 10:16:32 node-164 kernel: [    0.850407] acpiphp: Slot [0-5] registered
Jun 24 10:16:32 node-164 kernel: [    0.850450] pci 0000:82:00.0: [8086:1528] type 00 class 0x020000
Jun 24 10:16:32 node-164 kernel: [    0.850463] pci 0000:82:00.0: reg 0x10: [mem 0xc8200000-0xc83fffff 64bit pref]
Jun 24 10:16:32 node-164 kernel: [    0.850485] pci 0000:82:00.0: reg 0x20: [mem 0xc8404000-0xc8407fff 64bit pref]
Jun 24 10:16:32 node-164 kernel: [    0.850492] pci 0000:82:00.0: reg 0x30: [mem 0xfff80000-0xffffffff pref]
Jun 24 10:16:32 node-164 kernel: [    0.850527] pci 0000:82:00.0: PME# supported from D0 D3hot
Jun 24 10:16:32 node-164 kernel: [    0.850556] pci 0000:82:00.0: reg 0x184: [mem 0x00000000-0x00003fff 64bit]
Jun 24 10:16:32 node-164 kernel: [    0.850569] pci 0000:82:00.0: reg 0x190: [mem 0x00000000-0x00003fff 64bit]
Jun 24 10:16:32 node-164 kernel: [    0.850621] pci 0000:82:00.1: [8086:1528] type 00 class 0x020000
Jun 24 10:16:32 node-164 kernel: [    0.850634] pci 0000:82:00.1: reg 0x10: [mem 0xc8000000-0xc81fffff 64bit pref]
Jun 24 10:16:32 node-164 kernel: [    0.850655] pci 0000:82:00.1: reg 0x20: [mem 0xc8400000-0xc8403fff 64bit pref]
Jun 24 10:16:32 node-164 kernel: [    0.850662] pci 0000:82:00.1: reg 0x30: [mem 0xfff80000-0xffffffff pref]
Jun 24 10:16:32 node-164 kernel: [    0.850697] pci 0000:82:00.1: PME# supported from D0 D3hot
Jun 24 10:16:32 node-164 kernel: [    0.850722] pci 0000:82:00.1: reg 0x184: [mem 0x00000000-0x00003fff 64bit]
Jun 24 10:16:32 node-164 kernel: [    0.850735] pci 0000:82:00.1: reg 0x190: [mem 0x00000000-0x00003fff 64bit]
Jun 24 10:16:32 node-164 kernel: [    0.855894] pci 0000:80:02.0: PCI bridge to [bus 82]
Jun 24 10:16:32 node-164 kernel: [    0.855900] pci 0000:80:02.0:   bridge window [mem 0xc8000000-0xc84fffff 64bit pref]
Jun 24 10:16:32 node-164 kernel: [    0.856035] acpiphp: Slot [0-6] registered
Jun 24 10:16:32 node-164 kernel: [    0.856074] pci 0000:81:00.0: [8086:1528] type 00 class 0x020000
Jun 24 10:16:32 node-164 kernel: [    0.856088] pci 0000:81:00.0: reg 0x10: [mem 0xc8800000-0xc89fffff 64bit pref]
Jun 24 10:16:32 node-164 kernel: [    0.856109] pci 0000:81:00.0: reg 0x20: [mem 0xc8a04000-0xc8a07fff 64bit pref]
Jun 24 10:16:32 node-164 kernel: [    0.856116] pci 0000:81:00.0: reg 0x30: [mem 0xfff80000-0xffffffff pref]
Jun 24 10:16:32 node-164 kernel: [    0.856152] pci 0000:81:00.0: PME# supported from D0 D3hot
Jun 24 10:16:32 node-164 kernel: [    0.856180] pci 0000:81:00.0: reg 0x184: [mem 0x00000000-0x00003fff 64bit]
Jun 24 10:16:32 node-164 kernel: [    0.856193] pci 0000:81:00.0: reg 0x190: [mem 0x00000000-0x00003fff 64bit]
Jun 24 10:16:32 node-164 kernel: [    0.856243] pci 0000:81:00.1: [8086:1528] type 00 class 0x020000
Jun 24 10:16:32 node-164 kernel: [    0.856255] pci 0000:81:00.1: reg 0x10: [mem 0xc8600000-0xc87fffff 64bit pref]
Jun 24 10:16:32 node-164 kernel: [    0.856277] pci 0000:81:00.1: reg 0x20: [mem 0xc8a00000-0xc8a03fff 64bit pref]
Jun 24 10:16:32 node-164 kernel: [    0.856284] pci 0000:81:00.1: reg 0x30: [mem 0xfff80000-0xffffffff pref]
Jun 24 10:16:32 node-164 kernel: [    0.856319] pci 0000:81:00.1: PME# supported from D0 D3hot
Jun 24 10:16:32 node-164 kernel: [    0.856343] pci 0000:81:00.1: reg 0x184: [mem 0x00000000-0x00003fff 64bit]
Jun 24 10:16:32 node-164 kernel: [    0.856357] pci 0000:81:00.1: reg 0x190: [mem 0x00000000-0x00003fff 64bit]
Jun 24 10:16:32 node-164 kernel: [    0.863905] pci 0000:80:02.2: PCI bridge to [bus 81]
Jun 24 10:16:32 node-164 kernel: [    0.863912] pci 0000:80:02.2:   bridge window [mem 0xc8600000-0xc8afffff 64bit pref]
Jun 24 10:16:32 node-164 kernel: [    0.863924] pci_bus 0000:80: on NUMA node 1 (pxm 1)
Jun 24 10:16:32 node-164 kernel: [    0.864392] ACPI: PCI Root Bridge [UNC1] (domain 0000 [bus ff])
Jun 24 10:16:32 node-164 kernel: [    0.864396] acpi PNP0A03:00: _OSC: OS supports [ExtendedConfig ASPM ClockPM Segments MSI]
Jun 24 10:16:32 node-164 kernel: [    0.864508] acpi PNP0A03:00: _OSC: OS now controls [PCIeHotplug PME AER PCIeCapability]
Jun 24 10:16:32 node-164 kernel: [    0.864511] acpi PNP0A03:00: FADT indicates ASPM is unsupported, using BIOS configuration
Jun 24 10:16:32 node-164 kernel: [    0.864566] PCI host bridge to bus 0000:ff
Jun 24 10:16:32 node-164 kernel: [    0.864569] pci_bus 0000:ff: root bus resource [bus ff]
Jun 24 10:16:32 node-164 kernel: [    0.864577] pci 0000:ff:08.0: [8086:2f80] type 00 class 0x088000
Jun 24 10:16:32 node-164 kernel: [    0.864621] pci 0000:ff:08.2: [8086:2f32] type 00 class 0x110100
Jun 24 10:16:32 node-164 kernel: [    0.864661] pci 0000:ff:08.3: [8086:2f83] type 00 class 0x088000
Jun 24 10:16:32 node-164 kernel: [    0.864707] pci 0000:ff:0b.0: [8086:2f81] type 00 class 0x088000
Jun 24 10:16:32 node-164 kernel: [    0.864745] pci 0000:ff:0b.1: [8086:2f36] type 00 class 0x110100
Jun 24 10:16:32 node-164 kernel: [    0.864780] pci 0000:ff:0b.2: [8086:2f37] type 00 class 0x110100
Jun 24 10:16:32 node-164 kernel: [    0.864818] pci 0000:ff:0c.0: [8086:2fe0] type 00 class 0x088000
Jun 24 10:16:32 node-164 kernel: [    0.864855] pci 0000:ff:0c.1: [8086:2fe1] type 00 class 0x088000
Jun 24 10:16:32 node-164 kernel: [    0.864888] pci 0000:ff:0c.2: [8086:2fe2] type 00 class 0x088000
Jun 24 10:16:32 node-164 kernel: [    0.864924] pci 0000:ff:0c.3: [8086:2fe3] type 00 class 0x088000
Jun 24 10:16:32 node-164 kernel: [    0.864959] pci 0000:ff:0c.4: [8086:2fe4] type 00 class 0x088000
Jun 24 10:16:32 node-164 kernel: [    0.864996] pci 0000:ff:0c.5: [8086:2fe5] type 00 class 0x088000
Jun 24 10:16:32 node-164 kernel: [    0.865030] pci 0000:ff:0c.6: [8086:2fe6] type 00 class 0x088000
Jun 24 10:16:32 node-164 kernel: [    0.865064] pci 0000:ff:0c.7: [8086:2fe7] type 00 class 0x088000
Jun 24 10:16:32 node-164 kernel: [    0.865100] pci 0000:ff:0f.0: [8086:2ff8] type 00 class 0x088000
Jun 24 10:16:32 node-164 kernel: [    0.865133] pci 0000:ff:0f.1: [8086:2ff9] type 00 class 0x088000
Jun 24 10:16:32 node-164 kernel: [    0.865172] pci 0000:ff:0f.4: [8086:2ffc] type 00 class 0x088000
Jun 24 10:16:32 node-164 kernel: [    0.865208] pci 0000:ff:0f.5: [8086:2ffd] type 00 class 0x088000
Jun 24 10:16:32 node-164 kernel: [    0.865242] pci 0000:ff:0f.6: [8086:2ffe] type 00 class 0x088000
Jun 24 10:16:32 node-164 kernel: [    0.865279] pci 0000:ff:10.0: [8086:2f1d] type 00 class 0x088000
Jun 24 10:16:32 node-164 kernel: [    0.865312] pci 0000:ff:10.1: [8086:2f34] type 00 class 0x110100
Jun 24 10:16:32 node-164 kernel: [    0.865349] pci 0000:ff:10.5: [8086:2f1e] type 00 class 0x088000
Jun 24 10:16:32 node-164 kernel: [    0.865382] pci 0000:ff:10.6: [8086:2f7d] type 00 class 0x110100
Jun 24 10:16:32 node-164 kernel: [    0.865416] pci 0000:ff:10.7: [8086:2f1f] type 00 class 0x088000
Jun 24 10:16:32 node-164 kernel: [    0.865450] pci 0000:ff:12.0: [8086:2fa0] type 00 class 0x088000
Jun 24 10:16:32 node-164 kernel: [    0.865487] pci 0000:ff:12.1: [8086:2f30] type 00 class 0x110100
Jun 24 10:16:32 node-164 kernel: [    0.865528] pci 0000:ff:13.0: [8086:2fa8] type 00 class 0x088000
Jun 24 10:16:32 node-164 kernel: [    0.865570] pci 0000:ff:13.1: [8086:2f71] type 00 class 0x088000
Jun 24 10:16:32 node-164 kernel: [    0.865610] pci 0000:ff:13.2: [8086:2faa] type 00 class 0x088000
Jun 24 10:16:32 node-164 kernel: [    0.865649] pci 0000:ff:13.3: [8086:2fab] type 00 class 0x088000
Jun 24 10:16:32 node-164 kernel: [    0.865689] pci 0000:ff:13.4: [8086:2fac] type 00 class 0x088000
Jun 24 10:16:32 node-164 kernel: [    0.865728] pci 0000:ff:13.5: [8086:2fad] type 00 class 0x088000
Jun 24 10:16:32 node-164 kernel: [    0.865766] pci 0000:ff:13.6: [8086:2fae] type 00 class 0x088000
Jun 24 10:16:32 node-164 kernel: [    0.865811] pci 0000:ff:13.7: [8086:2faf] type 00 class 0x088000
Jun 24 10:16:32 node-164 kernel: [    0.865848] pci 0000:ff:14.0: [8086:2fb0] type 00 class 0x088000
Jun 24 10:16:32 node-164 kernel: [    0.865891] pci 0000:ff:14.1: [8086:2fb1] type 00 class 0x088000
Jun 24 10:16:32 node-164 kernel: [    0.865930] pci 0000:ff:14.2: [8086:2fb2] type 00 class 0x088000
Jun 24 10:16:32 node-164 kernel: [    0.865969] pci 0000:ff:14.3: [8086:2fb3] type 00 class 0x088000
Jun 24 10:16:32 node-164 kernel: [    0.866010] pci 0000:ff:14.6: [8086:2fbe] type 00 class 0x088000
Jun 24 10:16:32 node-164 kernel: [    0.866057] pci 0000:ff:14.7: [8086:2fbf] type 00 class 0x088000
Jun 24 10:16:32 node-164 kernel: [    0.866096] pci 0000:ff:15.0: [8086:2fb4] type 00 class 0x088000
Jun 24 10:16:32 node-164 kernel: [    0.866138] pci 0000:ff:15.1: [8086:2fb5] type 00 class 0x088000
Jun 24 10:16:32 node-164 kernel: [    0.866178] pci 0000:ff:15.2: [8086:2fb6] type 00 class 0x088000
Jun 24 10:16:32 node-164 kernel: [    0.866219] pci 0000:ff:15.3: [8086:2fb7] type 00 class 0x088000
Jun 24 10:16:32 node-164 kernel: [    0.866261] pci 0000:ff:16.0: [8086:2f68] type 00 class 0x088000
Jun 24 10:16:32 node-164 kernel: [    0.866304] pci 0000:ff:16.6: [8086:2f6e] type 00 class 0x088000
Jun 24 10:16:32 node-164 kernel: [    0.866342] pci 0000:ff:16.7: [8086:2f6f] type 00 class 0x088000
Jun 24 10:16:32 node-164 kernel: [    0.866380] pci 0000:ff:17.0: [8086:2fd0] type 00 class 0x088000
Jun 24 10:16:32 node-164 kernel: [    0.866422] pci 0000:ff:17.4: [8086:2fb8] type 00 class 0x088000
Jun 24 10:16:32 node-164 kernel: [    0.866458] pci 0000:ff:17.5: [8086:2fb9] type 00 class 0x088000
Jun 24 10:16:32 node-164 kernel: [    0.866497] pci 0000:ff:17.6: [8086:2fba] type 00 class 0x088000
Jun 24 10:16:32 node-164 kernel: [    0.866545] pci 0000:ff:17.7: [8086:2fbb] type 00 class 0x088000
Jun 24 10:16:32 node-164 kernel: [    0.866590] pci 0000:ff:1e.0: [8086:2f98] type 00 class 0x088000
Jun 24 10:16:32 node-164 kernel: [    0.866628] pci 0000:ff:1e.1: [8086:2f99] type 00 class 0x088000
Jun 24 10:16:32 node-164 kernel: [    0.866667] pci 0000:ff:1e.2: [8086:2f9a] type 00 class 0x088000
Jun 24 10:16:32 node-164 kernel: [    0.866706] pci 0000:ff:1e.3: [8086:2fc0] type 00 class 0x088000
Jun 24 10:16:32 node-164 kernel: [    0.866741] pci 0000:ff:1e.4: [8086:2f9c] type 00 class 0x088000
Jun 24 10:16:32 node-164 kernel: [    0.866783] pci 0000:ff:1f.0: [8086:2f88] type 00 class 0x088000
Jun 24 10:16:32 node-164 kernel: [    0.866823] pci 0000:ff:1f.2: [8086:2f8a] type 00 class 0x088000
Jun 24 10:16:32 node-164 kernel: [    0.866934] ACPI: PCI Root Bridge [UNC0] (domain 0000 [bus 7f])
Jun 24 10:16:32 node-164 kernel: [    0.866938] acpi PNP0A03:01: _OSC: OS supports [ExtendedConfig ASPM ClockPM Segments MSI]
Jun 24 10:16:32 node-164 kernel: [    0.867052] acpi PNP0A03:01: _OSC: OS now controls [PCIeHotplug PME AER PCIeCapability]
Jun 24 10:16:32 node-164 kernel: [    0.867055] acpi PNP0A03:01: FADT indicates ASPM is unsupported, using BIOS configuration
Jun 24 10:16:32 node-164 kernel: [    0.867115] PCI host bridge to bus 0000:7f
Jun 24 10:16:32 node-164 kernel: [    0.867117] pci_bus 0000:7f: root bus resource [bus 7f]
Jun 24 10:16:32 node-164 kernel: [    0.867125] pci 0000:7f:08.0: [8086:2f80] type 00 class 0x088000
Jun 24 10:16:32 node-164 kernel: [    0.867164] pci 0000:7f:08.2: [8086:2f32] type 00 class 0x110100
Jun 24 10:16:32 node-164 kernel: [    0.867204] pci 0000:7f:08.3: [8086:2f83] type 00 class 0x088000
Jun 24 10:16:32 node-164 kernel: [    0.867248] pci 0000:7f:0b.0: [8086:2f81] type 00 class 0x088000
Jun 24 10:16:32 node-164 kernel: [    0.867283] pci 0000:7f:0b.1: [8086:2f36] type 00 class 0x110100
Jun 24 10:16:32 node-164 kernel: [    0.867318] pci 0000:7f:0b.2: [8086:2f37] type 00 class 0x110100
Jun 24 10:16:32 node-164 kernel: [    0.867353] pci 0000:7f:0c.0: [8086:2fe0] type 00 class 0x088000
Jun 24 10:16:32 node-164 kernel: [    0.867385] pci 0000:7f:0c.1: [8086:2fe1] type 00 class 0x088000
Jun 24 10:16:32 node-164 kernel: [    0.867417] pci 0000:7f:0c.2: [8086:2fe2] type 00 class 0x088000
Jun 24 10:16:32 node-164 kernel: [    0.867449] pci 0000:7f:0c.3: [8086:2fe3] type 00 class 0x088000
Jun 24 10:16:32 node-164 kernel: [    0.867481] pci 0000:7f:0c.4: [8086:2fe4] type 00 class 0x088000
Jun 24 10:16:32 node-164 kernel: [    0.867513] pci 0000:7f:0c.5: [8086:2fe5] type 00 class 0x088000
Jun 24 10:16:32 node-164 kernel: [    0.867545] pci 0000:7f:0c.6: [8086:2fe6] type 00 class 0x088000
Jun 24 10:16:32 node-164 kernel: [    0.867577] pci 0000:7f:0c.7: [8086:2fe7] type 00 class 0x088000
Jun 24 10:16:32 node-164 kernel: [    0.867616] pci 0000:7f:0f.0: [8086:2ff8] type 00 class 0x088000
Jun 24 10:16:32 node-164 kernel: [    0.867647] pci 0000:7f:0f.1: [8086:2ff9] type 00 class 0x088000
Jun 24 10:16:32 node-164 kernel: [    0.867683] pci 0000:7f:0f.4: [8086:2ffc] type 00 class 0x088000
Jun 24 10:16:32 node-164 kernel: [    0.867718] pci 0000:7f:0f.5: [8086:2ffd] type 00 class 0x088000
Jun 24 10:16:32 node-164 kernel: [    0.867750] pci 0000:7f:0f.6: [8086:2ffe] type 00 class 0x088000
Jun 24 10:16:32 node-164 kernel: [    0.867783] pci 0000:7f:10.0: [8086:2f1d] type 00 class 0x088000
Jun 24 10:16:32 node-164 kernel: [    0.867816] pci 0000:7f:10.1: [8086:2f34] type 00 class 0x110100
Jun 24 10:16:32 node-164 kernel: [    0.867849] pci 0000:7f:10.5: [8086:2f1e] type 00 class 0x088000
Jun 24 10:16:32 node-164 kernel: [    0.867882] pci 0000:7f:10.6: [8086:2f7d] type 00 class 0x110100
Jun 24 10:16:32 node-164 kernel: [    0.867922] pci 0000:7f:10.7: [8086:2f1f] type 00 class 0x088000
Jun 24 10:16:32 node-164 kernel: [    0.867958] pci 0000:7f:12.0: [8086:2fa0] type 00 class 0x088000
Jun 24 10:16:32 node-164 kernel: [    0.867995] pci 0000:7f:12.1: [8086:2f30] type 00 class 0x110100
Jun 24 10:16:32 node-164 kernel: [    0.868035] pci 0000:7f:13.0: [8086:2fa8] type 00 class 0x088000
Jun 24 10:16:32 node-164 kernel: [    0.868074] pci 0000:7f:13.1: [8086:2f71] type 00 class 0x088000
Jun 24 10:16:32 node-164 kernel: [    0.868113] pci 0000:7f:13.2: [8086:2faa] type 00 class 0x088000
Jun 24 10:16:32 node-164 kernel: [    0.868150] pci 0000:7f:13.3: [8086:2fab] type 00 class 0x088000
Jun 24 10:16:32 node-164 kernel: [    0.868188] pci 0000:7f:13.4: [8086:2fac] type 00 class 0x088000
Jun 24 10:16:32 node-164 kernel: [    0.868227] pci 0000:7f:13.5: [8086:2fad] type 00 class 0x088000
Jun 24 10:16:32 node-164 kernel: [    0.868267] pci 0000:7f:13.6: [8086:2fae] type 00 class 0x088000
Jun 24 10:16:32 node-164 kernel: [    0.868300] pci 0000:7f:13.7: [8086:2faf] type 00 class 0x088000
Jun 24 10:16:32 node-164 kernel: [    0.868336] pci 0000:7f:14.0: [8086:2fb0] type 00 class 0x088000
Jun 24 10:16:32 node-164 kernel: [    0.868375] pci 0000:7f:14.1: [8086:2fb1] type 00 class 0x088000
Jun 24 10:16:32 node-164 kernel: [    0.868412] pci 0000:7f:14.2: [8086:2fb2] type 00 class 0x088000
Jun 24 10:16:32 node-164 kernel: [    0.868449] pci 0000:7f:14.3: [8086:2fb3] type 00 class 0x088000
Jun 24 10:16:32 node-164 kernel: [    0.868488] pci 0000:7f:14.6: [8086:2fbe] type 00 class 0x088000
Jun 24 10:16:32 node-164 kernel: [    0.868525] pci 0000:7f:14.7: [8086:2fbf] type 00 class 0x088000
Jun 24 10:16:32 node-164 kernel: [    0.868563] pci 0000:7f:15.0: [8086:2fb4] type 00 class 0x088000
Jun 24 10:16:32 node-164 kernel: [    0.868600] pci 0000:7f:15.1: [8086:2fb5] type 00 class 0x088000
Jun 24 10:16:32 node-164 kernel: [    0.868639] pci 0000:7f:15.2: [8086:2fb6] type 00 class 0x088000
Jun 24 10:16:32 node-164 kernel: [    0.868677] pci 0000:7f:15.3: [8086:2fb7] type 00 class 0x088000
Jun 24 10:16:32 node-164 kernel: [    0.868719] pci 0000:7f:16.0: [8086:2f68] type 00 class 0x088000
Jun 24 10:16:32 node-164 kernel: [    0.868756] pci 0000:7f:16.6: [8086:2f6e] type 00 class 0x088000
Jun 24 10:16:32 node-164 kernel: [    0.868792] pci 0000:7f:16.7: [8086:2f6f] type 00 class 0x088000
Jun 24 10:16:32 node-164 kernel: [    0.868828] pci 0000:7f:17.0: [8086:2fd0] type 00 class 0x088000
Jun 24 10:16:32 node-164 kernel: [    0.868867] pci 0000:7f:17.4: [8086:2fb8] type 00 class 0x088000
Jun 24 10:16:32 node-164 kernel: [    0.868904] pci 0000:7f:17.5: [8086:2fb9] type 00 class 0x088000
Jun 24 10:16:32 node-164 kernel: [    0.868940] pci 0000:7f:17.6: [8086:2fba] type 00 class 0x088000
Jun 24 10:16:32 node-164 kernel: [    0.868976] pci 0000:7f:17.7: [8086:2fbb] type 00 class 0x088000
Jun 24 10:16:32 node-164 kernel: [    0.869018] pci 0000:7f:1e.0: [8086:2f98] type 00 class 0x088000
Jun 24 10:16:32 node-164 kernel: [    0.869053] pci 0000:7f:1e.1: [8086:2f99] type 00 class 0x088000
Jun 24 10:16:32 node-164 kernel: [    0.869088] pci 0000:7f:1e.2: [8086:2f9a] type 00 class 0x088000
Jun 24 10:16:32 node-164 kernel: [    0.869124] pci 0000:7f:1e.3: [8086:2fc0] type 00 class 0x088000
Jun 24 10:16:32 node-164 kernel: [    0.869167] pci 0000:7f:1e.4: [8086:2f9c] type 00 class 0x088000
Jun 24 10:16:32 node-164 kernel: [    0.869202] pci 0000:7f:1f.0: [8086:2f88] type 00 class 0x088000
Jun 24 10:16:32 node-164 kernel: [    0.869238] pci 0000:7f:1f.2: [8086:2f8a] type 00 class 0x088000
Jun 24 10:16:32 node-164 kernel: [    0.870313] ACPI: Enabled 6 GPEs in block 00 to 3F
Jun 24 10:16:32 node-164 kernel: [    0.870321] ACPI: \_SB_.PCI0: notify handler is installed
Jun 24 10:16:32 node-164 kernel: [    0.870392] ACPI: \_SB_.IIO1: notify handler is installed
Jun 24 10:16:32 node-164 kernel: [    0.870497] ACPI: \_SB_.UNC1: notify handler is installed
Jun 24 10:16:32 node-164 kernel: [    0.870498] ACPI: \_SB_.UNC0: notify handler is installed
Jun 24 10:16:32 node-164 kernel: [    0.870512] Found 4 acpi root devices
Jun 24 10:16:32 node-164 kernel: [    0.870613] vgaarb: setting as boot device: PCI:0000:06:00.0
Jun 24 10:16:32 node-164 kernel: [    0.870616] vgaarb: device added: PCI:0000:06:00.0,decodes=io+mem,owns=io+mem,locks=none
Jun 24 10:16:32 node-164 kernel: [    0.870633] vgaarb: loaded
Jun 24 10:16:32 node-164 kernel: [    0.870635] vgaarb: bridge control possible 0000:06:00.0
Jun 24 10:16:32 node-164 kernel: [    0.870775] SCSI subsystem initialized
Jun 24 10:16:32 node-164 kernel: [    0.870872] libata version 3.00 loaded.
Jun 24 10:16:32 node-164 kernel: [    0.870890] ACPI: bus type USB registered
Jun 24 10:16:32 node-164 kernel: [    0.870905] usbcore: registered new interface driver usbfs
Jun 24 10:16:32 node-164 kernel: [    0.870912] usbcore: registered new interface driver hub
Jun 24 10:16:32 node-164 kernel: [    0.870937] usbcore: registered new device driver usb
Jun 24 10:16:32 node-164 kernel: [    0.871151] PCI: Using ACPI for IRQ routing
Jun 24 10:16:32 node-164 kernel: [    0.875420] PCI: pci_cache_line_size set to 64 bytes
Jun 24 10:16:32 node-164 kernel: [    0.875582] e820: reserve RAM buffer [mem 0x0009e000-0x0009ffff]
Jun 24 10:16:32 node-164 kernel: [    0.875584] e820: reserve RAM buffer [mem 0x51bbc000-0x53ffffff]
Jun 24 10:16:32 node-164 kernel: [    0.875585] e820: reserve RAM buffer [mem 0x67edf000-0x67ffffff]
Jun 24 10:16:32 node-164 kernel: [    0.875586] e820: reserve RAM buffer [mem 0x7b800000-0x7bffffff]
Jun 24 10:16:32 node-164 kernel: [    0.875671] NetLabel: Initializing
Jun 24 10:16:32 node-164 kernel: [    0.875673] NetLabel:  domain hash size = 128
Jun 24 10:16:32 node-164 kernel: [    0.875674] NetLabel:  protocols = UNLABELED CIPSOv4
Jun 24 10:16:32 node-164 kernel: [    0.875685] NetLabel:  unlabeled traffic allowed by default
Jun 24 10:16:32 node-164 kernel: [    0.875748] hpet0: at MMIO 0xfed00000, IRQs 2, 8, 0, 0, 0, 0, 0, 0
Jun 24 10:16:32 node-164 kernel: [    0.875754] hpet0: 8 comparators, 64-bit 14.318180 MHz counter
Jun 24 10:16:32 node-164 kernel: [    0.877858] Switched to clocksource hpet
Jun 24 10:16:32 node-164 kernel: [    0.882794] AppArmor: AppArmor Filesystem Enabled
Jun 24 10:16:32 node-164 kernel: [    0.882817] pnp: PnP ACPI init
Jun 24 10:16:32 node-164 kernel: [    0.882826] ACPI: bus type PNP registered
Jun 24 10:16:32 node-164 kernel: [    0.882935] pnp 00:00: [dma 4]
Jun 24 10:16:32 node-164 kernel: [    0.882953] pnp 00:00: Plug and Play ACPI device, IDs PNP0200 (active)
Jun 24 10:16:32 node-164 kernel: [    0.882974] pnp 00:01: Plug and Play ACPI device, IDs INT0800 (active)
Jun 24 10:16:32 node-164 kernel: [    0.883062] pnp 00:02: Plug and Play ACPI device, IDs PNP0103 (active)
Jun 24 10:16:32 node-164 kernel: [    0.883092] pnp 00:03: Plug and Play ACPI device, IDs PNP0c04 (active)
Jun 24 10:16:32 node-164 kernel: [    0.883151] system 00:04: [io  0x0680-0x069f] has been reserved
Jun 24 10:16:32 node-164 kernel: [    0.883157] system 00:04: [io  0x0400-0x0453] could not be reserved
Jun 24 10:16:32 node-164 kernel: [    0.883159] system 00:04: [io  0x0400-0x04fe] could not be reserved
Jun 24 10:16:32 node-164 kernel: [    0.883161] system 00:04: [io  0x0c80-0x0cbf] has been reserved
Jun 24 10:16:32 node-164 kernel: [    0.883164] system 00:04: Plug and Play ACPI device, IDs PNP0c02 (active)
Jun 24 10:16:32 node-164 kernel: [    0.883186] pnp 00:05: Plug and Play ACPI device, IDs PNP0b00 (active)
Jun 24 10:16:32 node-164 kernel: [    0.883251] system 00:06: [io  0x0454-0x0457] has been reserved
Jun 24 10:16:32 node-164 kernel: [    0.883254] system 00:06: Plug and Play ACPI device, IDs INT3f0d PNP0c02 (active)
Jun 24 10:16:32 node-164 kernel: [    0.883443] pnp 00:07: Plug and Play ACPI device, IDs PNP0501 (active)
Jun 24 10:16:32 node-164 kernel: [    0.883542] system 00:08: [mem 0xfed1c000-0xfed1ffff] has been reserved
Jun 24 10:16:32 node-164 kernel: [    0.883545] system 00:08: [mem 0xfed20000-0xfed3ffff] has been reserved
Jun 24 10:16:32 node-164 kernel: [    0.883547] system 00:08: [mem 0xfed90000-0xfed93fff] has been reserved
Jun 24 10:16:32 node-164 kernel: [    0.883549] system 00:08: [mem 0xff000000-0xffffffff] could not be reserved
Jun 24 10:16:32 node-164 kernel: [    0.883552] system 00:08: [mem 0xfee00000-0xfeefffff] has been reserved
Jun 24 10:16:32 node-164 kernel: [    0.883554] system 00:08: Plug and Play ACPI device, IDs PNP0c02 (active)
Jun 24 10:16:32 node-164 kernel: [    0.884110] pnp: PnP ACPI: found 9 devices
Jun 24 10:16:32 node-164 kernel: [    0.884112] ACPI: bus type PNP unregistered
Jun 24 10:16:32 node-164 kernel: [    0.890343] pci 0000:01:00.0: no compatible bridge window for [mem 0xfff00000-0xffffffff pref]
Jun 24 10:16:32 node-164 kernel: [    0.890347] pci 0000:82:00.0: no compatible bridge window for [mem 0xfff80000-0xffffffff pref]
Jun 24 10:16:32 node-164 kernel: [    0.890350] pci 0000:82:00.1: no compatible bridge window for [mem 0xfff80000-0xffffffff pref]
Jun 24 10:16:32 node-164 kernel: [    0.890353] pci 0000:81:00.0: no compatible bridge window for [mem 0xfff80000-0xffffffff pref]
Jun 24 10:16:32 node-164 kernel: [    0.890355] pci 0000:81:00.1: no compatible bridge window for [mem 0xfff80000-0xffffffff pref]
Jun 24 10:16:32 node-164 kernel: [    0.890361] pci_bus 0000:00: max bus depth: 1 pci_try_num: 2
Jun 24 10:16:32 node-164 kernel: [    0.890378] pci 0000:02:00.0: reg 0x184: [mem 0x00000000-0x00003fff 64bit pref]
Jun 24 10:16:32 node-164 kernel: [    0.890387] pci 0000:02:00.0: reg 0x190: [mem 0x00000000-0x00003fff 64bit pref]
Jun 24 10:16:32 node-164 kernel: [    0.890396] pci 0000:02:00.1: reg 0x184: [mem 0x00000000-0x00003fff 64bit pref]
Jun 24 10:16:32 node-164 kernel: [    0.890404] pci 0000:02:00.1: reg 0x190: [mem 0x00000000-0x00003fff 64bit pref]
Jun 24 10:16:32 node-164 kernel: [    0.890433] pci 0000:00:01.0: BAR 15: assigned [mem 0x92800000-0x928fffff pref]
Jun 24 10:16:32 node-164 kernel: [    0.890436] pci 0000:00:02.0: BAR 15: assigned [mem 0x92900000-0x929fffff 64bit pref]
Jun 24 10:16:32 node-164 kernel: [    0.890439] pci 0000:01:00.0: BAR 6: assigned [mem 0x92800000-0x928fffff pref]
Jun 24 10:16:32 node-164 kernel: [    0.890442] pci 0000:00:01.0: PCI bridge to [bus 01]
Jun 24 10:16:32 node-164 kernel: [    0.890444] pci 0000:00:01.0:   bridge window [io  0x3000-0x3fff]
Jun 24 10:16:32 node-164 kernel: [    0.890448] pci 0000:00:01.0:   bridge window [mem 0x92500000-0x926fffff]
Jun 24 10:16:32 node-164 kernel: [    0.890451] pci 0000:00:01.0:   bridge window [mem 0x92800000-0x928fffff pref]
Jun 24 10:16:32 node-164 kernel: [    0.890462] pci 0000:02:00.0: reg 0x184: [mem 0x00000000-0x00003fff 64bit pref]
Jun 24 10:16:32 node-164 kernel: [    0.890470] pci 0000:02:00.0: reg 0x190: [mem 0x00000000-0x00003fff 64bit pref]
Jun 24 10:16:32 node-164 kernel: [    0.890479] pci 0000:02:00.0: reg 0x184: [mem 0x00000000-0x00003fff 64bit pref]
Jun 24 10:16:32 node-164 kernel: [    0.890487] pci 0000:02:00.1: reg 0x184: [mem 0x00000000-0x00003fff 64bit pref]
Jun 24 10:16:32 node-164 kernel: [    0.890495] pci 0000:02:00.0: reg 0x184: [mem 0x00000000-0x00003fff 64bit pref]
Jun 24 10:16:32 node-164 kernel: [    0.890504] pci 0000:02:00.0: reg 0x190: [mem 0x00000000-0x00003fff 64bit pref]
Jun 24 10:16:32 node-164 kernel: [    0.890512] pci 0000:02:00.1: reg 0x190: [mem 0x00000000-0x00003fff 64bit pref]
Jun 24 10:16:32 node-164 kernel: [    0.890520] pci 0000:02:00.0: reg 0x184: [mem 0x00000000-0x00003fff 64bit pref]
Jun 24 10:16:32 node-164 kernel: [    0.890529] pci 0000:02:00.0: reg 0x190: [mem 0x00000000-0x00003fff 64bit pref]
Jun 24 10:16:32 node-164 kernel: [    0.890537] pci 0000:02:00.1: reg 0x184: [mem 0x00000000-0x00003fff 64bit pref]
Jun 24 10:16:32 node-164 kernel: [    0.890545] pci 0000:02:00.0: reg 0x184: [mem 0x00000000-0x00003fff 64bit pref]
Jun 24 10:16:32 node-164 kernel: [    0.890547] pci 0000:02:00.0: BAR 7: assigned [mem 0x92900000-0x9291ffff 64bit pref]
Jun 24 10:16:32 node-164 kernel: [    0.890561] pci 0000:02:00.0: reg 0x190: [mem 0x00000000-0x00003fff 64bit pref]
Jun 24 10:16:32 node-164 kernel: [    0.890562] pci 0000:02:00.0: BAR 10: assigned [mem 0x92920000-0x9293ffff 64bit pref]
Jun 24 10:16:32 node-164 kernel: [    0.890576] pci 0000:02:00.1: reg 0x184: [mem 0x00000000-0x00003fff 64bit pref]
Jun 24 10:16:32 node-164 kernel: [    0.890578] pci 0000:02:00.1: BAR 7: assigned [mem 0x92940000-0x9295ffff 64bit pref]
Jun 24 10:16:32 node-164 kernel: [    0.890592] pci 0000:02:00.1: reg 0x190: [mem 0x00000000-0x00003fff 64bit pref]
Jun 24 10:16:32 node-164 kernel: [    0.890594] pci 0000:02:00.1: BAR 10: assigned [mem 0x92960000-0x9297ffff 64bit pref]
Jun 24 10:16:32 node-164 kernel: [    0.890601] pci 0000:00:02.0: PCI bridge to [bus 02]
Jun 24 10:16:32 node-164 kernel: [    0.890603] pci 0000:00:02.0:   bridge window [io  0x2000-0x2fff]
Jun 24 10:16:32 node-164 kernel: [    0.890606] pci 0000:00:02.0:   bridge window [mem 0x92200000-0x924fffff]
Jun 24 10:16:32 node-164 kernel: [    0.890609] pci 0000:00:02.0:   bridge window [mem 0x92900000-0x929fffff 64bit pref]
Jun 24 10:16:32 node-164 kernel: [    0.890613] pci 0000:00:02.2: PCI bridge to [bus 03]
Jun 24 10:16:32 node-164 kernel: [    0.890619] pci 0000:00:03.0: PCI bridge to [bus 04]
Jun 24 10:16:32 node-164 kernel: [    0.890626] pci 0000:00:1c.0: PCI bridge to [bus 05]
Jun 24 10:16:32 node-164 kernel: [    0.890635] pci 0000:00:1c.2: PCI bridge to [bus 06]
Jun 24 10:16:32 node-164 kernel: [    0.890639] pci 0000:00:1c.2:   bridge window [mem 0x92000000-0x921fffff]
Jun 24 10:16:32 node-164 kernel: [    0.890643] pci 0000:00:1c.2:   bridge window [mem 0x90000000-0x91ffffff 64bit pref]
Jun 24 10:16:32 node-164 kernel: [    0.890648] pci 0000:00:1c.3: PCI bridge to [bus 07]
Jun 24 10:16:32 node-164 kernel: [    0.890658] pci_bus 0000:00: resource 4 [io  0x0000-0x0cf7]
Jun 24 10:16:32 node-164 kernel: [    0.890659] pci_bus 0000:00: resource 5 [io  0x1000-0x7fff]
Jun 24 10:16:32 node-164 kernel: [    0.890661] pci_bus 0000:00: resource 6 [mem 0x000a0000-0x000bffff]
Jun 24 10:16:32 node-164 kernel: [    0.890662] pci_bus 0000:00: resource 7 [mem 0x90000000-0xc7ffbfff]
Jun 24 10:16:32 node-164 kernel: [    0.890664] pci_bus 0000:00: resource 8 [mem 0x20000000000-0x23fffffffff]
Jun 24 10:16:32 node-164 kernel: [    0.890665] pci_bus 0000:01: resource 0 [io  0x3000-0x3fff]
Jun 24 10:16:32 node-164 kernel: [    0.890666] pci_bus 0000:01: resource 1 [mem 0x92500000-0x926fffff]
Jun 24 10:16:32 node-164 kernel: [    0.890667] pci_bus 0000:01: resource 2 [mem 0x92800000-0x928fffff pref]
Jun 24 10:16:32 node-164 kernel: [    0.890669] pci_bus 0000:02: resource 0 [io  0x2000-0x2fff]
Jun 24 10:16:32 node-164 kernel: [    0.890670] pci_bus 0000:02: resource 1 [mem 0x92200000-0x924fffff]
Jun 24 10:16:32 node-164 kernel: [    0.890671] pci_bus 0000:02: resource 2 [mem 0x92900000-0x929fffff 64bit pref]
Jun 24 10:16:32 node-164 kernel: [    0.890673] pci_bus 0000:06: resource 1 [mem 0x92000000-0x921fffff]
Jun 24 10:16:32 node-164 kernel: [    0.890674] pci_bus 0000:06: resource 2 [mem 0x90000000-0x91ffffff 64bit pref]
Jun 24 10:16:32 node-164 kernel: [    0.890676] pci_bus 0000:80: max bus depth: 1 pci_try_num: 2
Jun 24 10:16:32 node-164 kernel: [    0.890688] pci 0000:82:00.0: reg 0x184: [mem 0x00000000-0x00003fff 64bit]
Jun 24 10:16:32 node-164 kernel: [    0.890697] pci 0000:82:00.0: reg 0x190: [mem 0x00000000-0x00003fff 64bit]
Jun 24 10:16:32 node-164 kernel: [    0.890705] pci 0000:82:00.1: reg 0x184: [mem 0x00000000-0x00003fff 64bit]
Jun 24 10:16:32 node-164 kernel: [    0.890714] pci 0000:82:00.1: reg 0x190: [mem 0x00000000-0x00003fff 64bit]
Jun 24 10:16:32 node-164 kernel: [    0.890726] pci 0000:81:00.0: reg 0x184: [mem 0x00000000-0x00003fff 64bit]
Jun 24 10:16:32 node-164 kernel: [    0.890734] pci 0000:81:00.0: reg 0x190: [mem 0x00000000-0x00003fff 64bit]
Jun 24 10:16:32 node-164 kernel: [    0.890743] pci 0000:81:00.1: reg 0x184: [mem 0x00000000-0x00003fff 64bit]
Jun 24 10:16:32 node-164 kernel: [    0.890751] pci 0000:81:00.1: reg 0x190: [mem 0x00000000-0x00003fff 64bit]
Jun 24 10:16:32 node-164 kernel: [    0.890754] pci 0000:80:02.0: BAR 14: assigned [mem 0xc8b00000-0xc8ffffff]
Jun 24 10:16:32 node-164 kernel: [    0.890757] pci 0000:80:02.2: BAR 14: assigned [mem 0xc9000000-0xc94fffff]
Jun 24 10:16:32 node-164 kernel: [    0.890766] pci 0000:82:00.0: reg 0x184: [mem 0x00000000-0x00003fff 64bit]
Jun 24 10:16:32 node-164 kernel: [    0.890775] pci 0000:82:00.0: reg 0x190: [mem 0x00000000-0x00003fff 64bit]
Jun 24 10:16:32 node-164 kernel: [    0.890783] pci 0000:82:00.0: reg 0x184: [mem 0x00000000-0x00003fff 64bit]
Jun 24 10:16:32 node-164 kernel: [    0.890792] pci 0000:82:00.0: reg 0x184: [mem 0x00000000-0x00003fff 64bit]
Jun 24 10:16:32 node-164 kernel: [    0.890800] pci 0000:82:00.1: reg 0x184: [mem 0x00000000-0x00003fff 64bit]
Jun 24 10:16:32 node-164 kernel: [    0.890809] pci 0000:82:00.0: reg 0x184: [mem 0x00000000-0x00003fff 64bit]
Jun 24 10:16:32 node-164 kernel: [    0.890817] pci 0000:82:00.0: reg 0x190: [mem 0x00000000-0x00003fff 64bit]
Jun 24 10:16:32 node-164 kernel: [    0.890826] pci 0000:82:00.1: reg 0x190: [mem 0x00000000-0x00003fff 64bit]
Jun 24 10:16:32 node-164 kernel: [    0.890834] pci 0000:82:00.0: reg 0x184: [mem 0x00000000-0x00003fff 64bit]
Jun 24 10:16:32 node-164 kernel: [    0.890842] pci 0000:82:00.0: reg 0x190: [mem 0x00000000-0x00003fff 64bit]
Jun 24 10:16:32 node-164 kernel: [    0.890851] pci 0000:82:00.1: reg 0x184: [mem 0x00000000-0x00003fff 64bit]
Jun 24 10:16:32 node-164 kernel: [    0.890852] pci 0000:82:00.0: BAR 6: assigned [mem 0xc8480000-0xc84fffff pref]
Jun 24 10:16:32 node-164 kernel: [    0.890855] pci 0000:82:00.1: BAR 6: assigned [mem 0xc8b00000-0xc8b7ffff pref]
Jun 24 10:16:32 node-164 kernel: [    0.890865] pci 0000:82:00.0: reg 0x184: [mem 0x00000000-0x00003fff 64bit]
Jun 24 10:16:32 node-164 kernel: [    0.890866] pci 0000:82:00.0: BAR 7: assigned [mem 0xc8b80000-0xc8c7ffff 64bit]
Jun 24 10:16:32 node-164 kernel: [    0.890880] pci 0000:82:00.0: reg 0x190: [mem 0x00000000-0x00003fff 64bit]
Jun 24 10:16:32 node-164 kernel: [    0.890882] pci 0000:82:00.0: BAR 10: assigned [mem 0xc8c80000-0xc8d7ffff 64bit]
Jun 24 10:16:32 node-164 kernel: [    0.890896] pci 0000:82:00.1: reg 0x184: [mem 0x00000000-0x00003fff 64bit]
Jun 24 10:16:32 node-164 kernel: [    0.890897] pci 0000:82:00.1: BAR 7: assigned [mem 0xc8d80000-0xc8e7ffff 64bit]
Jun 24 10:16:32 node-164 kernel: [    0.890912] pci 0000:82:00.1: reg 0x190: [mem 0x00000000-0x00003fff 64bit]
Jun 24 10:16:32 node-164 kernel: [    0.890913] pci 0000:82:00.1: BAR 10: assigned [mem 0xc8e80000-0xc8f7ffff 64bit]
Jun 24 10:16:32 node-164 kernel: [    0.890920] pci 0000:80:02.0: PCI bridge to [bus 82]
Jun 24 10:16:32 node-164 kernel: [    0.890924] pci 0000:80:02.0:   bridge window [mem 0xc8b00000-0xc8ffffff]
Jun 24 10:16:32 node-164 kernel: [    0.890927] pci 0000:80:02.0:   bridge window [mem 0xc8000000-0xc84fffff 64bit pref]
Jun 24 10:16:32 node-164 kernel: [    0.890938] pci 0000:81:00.0: reg 0x184: [mem 0x00000000-0x00003fff 64bit]
Jun 24 10:16:32 node-164 kernel: [    0.890947] pci 0000:81:00.0: reg 0x190: [mem 0x00000000-0x00003fff 64bit]
Jun 24 10:16:32 node-164 kernel: [    0.890955] pci 0000:81:00.0: reg 0x184: [mem 0x00000000-0x00003fff 64bit]
Jun 24 10:16:32 node-164 kernel: [    0.890964] pci 0000:81:00.0: reg 0x184: [mem 0x00000000-0x00003fff 64bit]
Jun 24 10:16:32 node-164 kernel: [    0.890972] pci 0000:81:00.1: reg 0x184: [mem 0x00000000-0x00003fff 64bit]
Jun 24 10:16:32 node-164 kernel: [    0.890981] pci 0000:81:00.0: reg 0x184: [mem 0x00000000-0x00003fff 64bit]
Jun 24 10:16:32 node-164 kernel: [    0.890989] pci 0000:81:00.0: reg 0x190: [mem 0x00000000-0x00003fff 64bit]
Jun 24 10:16:32 node-164 kernel: [    0.890998] pci 0000:81:00.1: reg 0x190: [mem 0x00000000-0x00003fff 64bit]
Jun 24 10:16:32 node-164 kernel: [    0.891006] pci 0000:81:00.0: reg 0x184: [mem 0x00000000-0x00003fff 64bit]
Jun 24 10:16:32 node-164 kernel: [    0.891015] pci 0000:81:00.0: reg 0x190: [mem 0x00000000-0x00003fff 64bit]
Jun 24 10:16:32 node-164 kernel: [    0.891023] pci 0000:81:00.1: reg 0x184: [mem 0x00000000-0x00003fff 64bit]
Jun 24 10:16:32 node-164 kernel: [    0.891025] pci 0000:81:00.0: BAR 6: assigned [mem 0xc8a80000-0xc8afffff pref]
Jun 24 10:16:32 node-164 kernel: [    0.891027] pci 0000:81:00.1: BAR 6: assigned [mem 0xc9000000-0xc907ffff pref]
Jun 24 10:16:32 node-164 kernel: [    0.891036] pci 0000:81:00.0: reg 0x184: [mem 0x00000000-0x00003fff 64bit]
Jun 24 10:16:32 node-164 kernel: [    0.891038] pci 0000:81:00.0: BAR 7: assigned [mem 0xc9080000-0xc917ffff 64bit]
Jun 24 10:16:32 node-164 kernel: [    0.891052] pci 0000:81:00.0: reg 0x190: [mem 0x00000000-0x00003fff 64bit]
Jun 24 10:16:32 node-164 kernel: [    0.891053] pci 0000:81:00.0: BAR 10: assigned [mem 0xc9180000-0xc927ffff 64bit]
Jun 24 10:16:32 node-164 kernel: [    0.891068] pci 0000:81:00.1: reg 0x184: [mem 0x00000000-0x00003fff 64bit]
Jun 24 10:16:32 node-164 kernel: [    0.891069] pci 0000:81:00.1: BAR 7: assigned [mem 0xc9280000-0xc937ffff 64bit]
Jun 24 10:16:32 node-164 kernel: [    0.891083] pci 0000:81:00.1: reg 0x190: [mem 0x00000000-0x00003fff 64bit]
Jun 24 10:16:32 node-164 kernel: [    0.891085] pci 0000:81:00.1: BAR 10: assigned [mem 0xc9380000-0xc947ffff 64bit]
Jun 24 10:16:32 node-164 kernel: [    0.891092] pci 0000:80:02.2: PCI bridge to [bus 81]
Jun 24 10:16:32 node-164 kernel: [    0.891095] pci 0000:80:02.2:   bridge window [mem 0xc9000000-0xc94fffff]
Jun 24 10:16:32 node-164 kernel: [    0.891098] pci 0000:80:02.2:   bridge window [mem 0xc8600000-0xc8afffff 64bit pref]
Jun 24 10:16:32 node-164 kernel: [    0.891103] pci_bus 0000:80: resource 4 [io  0x0000-0x0cf7]
Jun 24 10:16:32 node-164 kernel: [    0.891104] pci_bus 0000:80: resource 5 [io  0x8000-0xffff]
Jun 24 10:16:32 node-164 kernel: [    0.891106] pci_bus 0000:80: resource 6 [mem 0xc8000000-0xfbffbfff]
Jun 24 10:16:32 node-164 kernel: [    0.891107] pci_bus 0000:80: resource 7 [mem 0x24000000000-0x27fffffffff]
Jun 24 10:16:32 node-164 kernel: [    0.891108] pci_bus 0000:82: resource 1 [mem 0xc8b00000-0xc8ffffff]
Jun 24 10:16:32 node-164 kernel: [    0.891110] pci_bus 0000:82: resource 2 [mem 0xc8000000-0xc84fffff 64bit pref]
Jun 24 10:16:32 node-164 kernel: [    0.891111] pci_bus 0000:81: resource 1 [mem 0xc9000000-0xc94fffff]
Jun 24 10:16:32 node-164 kernel: [    0.891112] pci_bus 0000:81: resource 2 [mem 0xc8600000-0xc8afffff 64bit pref]
Jun 24 10:16:32 node-164 kernel: [    0.891179] NET: Registered protocol family 2
Jun 24 10:16:32 node-164 kernel: [    0.891666] TCP established hash table entries: 524288 (order: 10, 4194304 bytes)
Jun 24 10:16:32 node-164 kernel: [    0.892572] TCP bind hash table entries: 65536 (order: 8, 1048576 bytes)
Jun 24 10:16:32 node-164 kernel: [    0.892757] TCP: Hash tables configured (established 524288 bind 65536)
Jun 24 10:16:32 node-164 kernel: [    0.892795] TCP: reno registered
Jun 24 10:16:32 node-164 kernel: [    0.892927] UDP hash table entries: 65536 (order: 9, 2097152 bytes)
Jun 24 10:16:32 node-164 kernel: [    0.893410] UDP-Lite hash table entries: 65536 (order: 9, 2097152 bytes)
Jun 24 10:16:32 node-164 kernel: [    0.894047] NET: Registered protocol family 1
Jun 24 10:16:32 node-164 kernel: [    0.926011] pci 0000:06:00.0: Video device with shadowed ROM
Jun 24 10:16:32 node-164 kernel: [    0.926024] PCI: CLS mismatch (128 != 64), using 64 bytes
Jun 24 10:16:32 node-164 kernel: [    0.926163] Trying to unpack rootfs image as initramfs...
Jun 24 10:16:32 node-164 kernel: [    1.227821] Freeing initrd memory: 19984K (ffff8800358e8000 - ffff880036c6c000)
Jun 24 10:16:32 node-164 kernel: [    1.227855] PCI-DMA: Using software bounce buffering for IO (SWIOTLB)
Jun 24 10:16:32 node-164 kernel: [    1.227858] software IO TLB [mem 0x63edf000-0x67edf000] (64MB) mapped at [ffff880063edf000-ffff880067edefff]
Jun 24 10:16:32 node-164 kernel: [    1.227933] Simple Boot Flag at 0x44 set to 0x1
Jun 24 10:16:32 node-164 kernel: [    1.228654] microcode: CPU0 sig=0x306f2, pf=0x1, revision=0x36
Jun 24 10:16:32 node-164 kernel: [    1.228660] microcode: CPU1 sig=0x306f2, pf=0x1, revision=0x36
Jun 24 10:16:32 node-164 kernel: [    1.228669] microcode: CPU2 sig=0x306f2, pf=0x1, revision=0x36
Jun 24 10:16:32 node-164 kernel: [    1.228677] microcode: CPU3 sig=0x306f2, pf=0x1, revision=0x36
Jun 24 10:16:32 node-164 kernel: [    1.228686] microcode: CPU4 sig=0x306f2, pf=0x1, revision=0x36
Jun 24 10:16:32 node-164 kernel: [    1.228694] microcode: CPU5 sig=0x306f2, pf=0x1, revision=0x36
Jun 24 10:16:32 node-164 kernel: [    1.228702] microcode: CPU6 sig=0x306f2, pf=0x1, revision=0x36
Jun 24 10:16:32 node-164 kernel: [    1.228711] microcode: CPU7 sig=0x306f2, pf=0x1, revision=0x36
Jun 24 10:16:32 node-164 kernel: [    1.228721] microcode: CPU8 sig=0x306f2, pf=0x1, revision=0x36
Jun 24 10:16:32 node-164 kernel: [    1.228734] microcode: CPU9 sig=0x306f2, pf=0x1, revision=0x36
Jun 24 10:16:32 node-164 kernel: [    1.228744] microcode: CPU10 sig=0x306f2, pf=0x1, revision=0x36
Jun 24 10:16:32 node-164 kernel: [    1.228754] microcode: CPU11 sig=0x306f2, pf=0x1, revision=0x36
Jun 24 10:16:32 node-164 kernel: [    1.228764] microcode: CPU12 sig=0x306f2, pf=0x1, revision=0x36
Jun 24 10:16:32 node-164 kernel: [    1.228773] microcode: CPU13 sig=0x306f2, pf=0x1, revision=0x36
Jun 24 10:16:32 node-164 kernel: [    1.228783] microcode: CPU14 sig=0x306f2, pf=0x1, revision=0x36
Jun 24 10:16:32 node-164 kernel: [    1.228792] microcode: CPU15 sig=0x306f2, pf=0x1, revision=0x36
Jun 24 10:16:32 node-164 kernel: [    1.228801] microcode: CPU16 sig=0x306f2, pf=0x1, revision=0x36
Jun 24 10:16:32 node-164 kernel: [    1.228809] microcode: CPU17 sig=0x306f2, pf=0x1, revision=0x36
Jun 24 10:16:32 node-164 kernel: [    1.228817] microcode: CPU18 sig=0x306f2, pf=0x1, revision=0x36
Jun 24 10:16:32 node-164 kernel: [    1.228824] microcode: CPU19 sig=0x306f2, pf=0x1, revision=0x36
Jun 24 10:16:32 node-164 kernel: [    1.228831] microcode: CPU20 sig=0x306f2, pf=0x1, revision=0x36
Jun 24 10:16:32 node-164 kernel: [    1.228840] microcode: CPU21 sig=0x306f2, pf=0x1, revision=0x36
Jun 24 10:16:32 node-164 kernel: [    1.228847] microcode: CPU22 sig=0x306f2, pf=0x1, revision=0x36
Jun 24 10:16:32 node-164 kernel: [    1.228854] microcode: CPU23 sig=0x306f2, pf=0x1, revision=0x36
Jun 24 10:16:32 node-164 kernel: [    1.228862] microcode: CPU24 sig=0x306f2, pf=0x1, revision=0x36
Jun 24 10:16:32 node-164 kernel: [    1.228870] microcode: CPU25 sig=0x306f2, pf=0x1, revision=0x36
Jun 24 10:16:32 node-164 kernel: [    1.228878] microcode: CPU26 sig=0x306f2, pf=0x1, revision=0x36
Jun 24 10:16:32 node-164 kernel: [    1.228886] microcode: CPU27 sig=0x306f2, pf=0x1, revision=0x36
Jun 24 10:16:32 node-164 kernel: [    1.228894] microcode: CPU28 sig=0x306f2, pf=0x1, revision=0x36
Jun 24 10:16:32 node-164 kernel: [    1.228902] microcode: CPU29 sig=0x306f2, pf=0x1, revision=0x36
Jun 24 10:16:32 node-164 kernel: [    1.228910] microcode: CPU30 sig=0x306f2, pf=0x1, revision=0x36
Jun 24 10:16:32 node-164 kernel: [    1.228918] microcode: CPU31 sig=0x306f2, pf=0x1, revision=0x36
Jun 24 10:16:32 node-164 kernel: [    1.228997] microcode: Microcode Update Driver: v2.00 <tigran@aivazian.fsnet.co.uk>, Peter Oruba
Jun 24 10:16:32 node-164 kernel: [    1.229001] Scanning for low memory corruption every 60 seconds
Jun 24 10:16:32 node-164 kernel: [    1.229523] Initialise system trusted keyring
Jun 24 10:16:32 node-164 kernel: [    1.229597] audit: initializing netlink socket (disabled)
Jun 24 10:16:32 node-164 kernel: [    1.229621] type=2000 audit(1466763361.132:1): initialized
Jun 24 10:16:32 node-164 kernel: [    1.257558] HugeTLB registered 2 MB page size, pre-allocated 0 pages
Jun 24 10:16:32 node-164 kernel: [    1.261564] zbud: loaded
Jun 24 10:16:32 node-164 kernel: [    1.261715] VFS: Disk quotas dquot_6.5.2
Jun 24 10:16:32 node-164 kernel: [    1.261766] Dquot-cache hash table entries: 512 (order 0, 4096 bytes)
Jun 24 10:16:32 node-164 kernel: [    1.262257] fuse init (API version 7.22)
Jun 24 10:16:32 node-164 kernel: [    1.262329] msgmni has been set to 32768
Jun 24 10:16:32 node-164 kernel: [    1.262391] Key type big_key registered
Jun 24 10:16:32 node-164 kernel: [    1.262897] Key type asymmetric registered
Jun 24 10:16:32 node-164 kernel: [    1.262899] Asymmetric key parser 'x509' registered
Jun 24 10:16:32 node-164 kernel: [    1.262926] Block layer SCSI generic (bsg) driver version 0.4 loaded (major 252)
Jun 24 10:16:32 node-164 kernel: [    1.263032] io scheduler noop registered
Jun 24 10:16:32 node-164 kernel: [    1.263034] io scheduler deadline registered (default)
Jun 24 10:16:32 node-164 kernel: [    1.263058] io scheduler cfq registered
Jun 24 10:16:32 node-164 kernel: [    1.263487] pcieport 0000:00:01.0: irq 90 for MSI/MSI-X
Jun 24 10:16:32 node-164 kernel: [    1.263675] pcieport 0000:00:02.0: irq 91 for MSI/MSI-X
Jun 24 10:16:32 node-164 kernel: [    1.263845] pcieport 0000:00:02.2: irq 92 for MSI/MSI-X
Jun 24 10:16:32 node-164 kernel: [    1.264021] pcieport 0000:00:03.0: irq 93 for MSI/MSI-X
Jun 24 10:16:32 node-164 kernel: [    1.264195] pcieport 0000:00:1c.0: irq 94 for MSI/MSI-X
Jun 24 10:16:32 node-164 kernel: [    1.264373] pcieport 0000:00:1c.2: irq 95 for MSI/MSI-X
Jun 24 10:16:32 node-164 kernel: [    1.264555] pcieport 0000:00:1c.3: irq 96 for MSI/MSI-X
Jun 24 10:16:32 node-164 kernel: [    1.264768] pcieport 0000:80:02.0: irq 97 for MSI/MSI-X
Jun 24 10:16:32 node-164 kernel: [    1.264888] pcieport 0000:80:02.2: irq 98 for MSI/MSI-X
Jun 24 10:16:32 node-164 kernel: [    1.264960] aer 0000:00:01.0:pcie02: service driver aer loaded
Jun 24 10:16:32 node-164 kernel: [    1.264983] aer 0000:00:02.0:pcie02: service driver aer loaded
Jun 24 10:16:32 node-164 kernel: [    1.265000] aer 0000:00:02.2:pcie02: service driver aer loaded
Jun 24 10:16:32 node-164 kernel: [    1.265016] aer 0000:00:03.0:pcie02: service driver aer loaded
Jun 24 10:16:32 node-164 kernel: [    1.265034] aer 0000:80:02.0:pcie02: service driver aer loaded
Jun 24 10:16:32 node-164 kernel: [    1.265048] aer 0000:80:02.2:pcie02: service driver aer loaded
Jun 24 10:16:32 node-164 kernel: [    1.265058] pcieport 0000:00:01.0: Signaling PME through PCIe PME interrupt
Jun 24 10:16:32 node-164 kernel: [    1.265061] pci 0000:01:00.0: Signaling PME through PCIe PME interrupt
Jun 24 10:16:32 node-164 kernel: [    1.265064] pcie_pme 0000:00:01.0:pcie01: service driver pcie_pme loaded
Jun 24 10:16:32 node-164 kernel: [    1.265071] pcieport 0000:00:02.0: Signaling PME through PCIe PME interrupt
Jun 24 10:16:32 node-164 kernel: [    1.265073] pci 0000:02:00.0: Signaling PME through PCIe PME interrupt
Jun 24 10:16:32 node-164 kernel: [    1.265075] pci 0000:02:00.1: Signaling PME through PCIe PME interrupt
Jun 24 10:16:32 node-164 kernel: [    1.265078] pcie_pme 0000:00:02.0:pcie01: service driver pcie_pme loaded
